Microchip MPLAB XC8 Compiler V2.50

Linker command line:

-W-3 \
  --edf=C:\Program Files\Microchip\xc8\v2.50\pic\dat\20240725155939_en.msgs \
  -cn -h+dist/default/debug\I2Ctest.X.debug.sym \
  --cmf=dist/default/debug\I2Ctest.X.debug.cmf -z -Q18F47Q10 \
  -oC:\Users\3yuut\AppData\Local\Temp\xcAsefc.\driver_tmp_3.o \
  --defsym=__MPLAB_BUILD=1 --fixupoverflow=error \
  -Mdist/default/debug/I2Ctest.X.debug.map \
  --md=C:\Users\3yuut\AppData\Local\Temp\xcAsefc.\driver_tmp_0.dat -E1 \
  -ver=XC8 Compiler --acfsm=1493 -ACODE=00h-01FFFFh -ACONST=00h-01FFFFh \
  -ASMALLCONST=01000h-010FFhx496 \
  -AMEDIUMCONST=01000h-0FFFFh,011000h-01FFFFh -ACOMRAM=01h-05Fh \
  -AABS1=00h-0CFFh,0E00h-0E1Eh -ABIGRAM=01h-0CFFh,0E00h-0E1Eh \
  -ARAM=060h-0FFh,0100h-01FFhx12,0E00h-0E1Eh -ABANK0=060h-0FFh \
  -ABANK1=0100h-01FFh -ABANK2=0200h-02FFh -ABANK3=0300h-03FFh \
  -ABANK4=0400h-04FFh -ABANK5=0500h-05FFh -ABANK6=0600h-06FFh \
  -ABANK7=0700h-07FFh -ABANK8=0800h-08FFh -ABANK9=0900h-09FFh \
  -ABANK10=0A00h-0AFFh -ABANK11=0B00h-0BFFh -ABANK12=0C00h-0CFFh \
  -ABANK14=0E00h-0E1Eh \
  -ASFR=0D00h-0DFFh,0E1Fh-0EFFh,0F00h-0F5Fh,0F60h-0FFFh \
  -ABIGSFR=0D00h-0DFFh,0E1Fh-0FFFh -ACONFIG=0300000h-030000Bh \
  -AIDLOC=0200000h-02000FFh -AEEDATA=0310000h-03103FFh -peeprom_data=EEDATA \
  -preset_vec=00h,intcode,sivt_hi,intcodelo,sivt_lo,powerup,init \
  -pramtop=01000h -psmallconst=SMALLCONST -pmediumconst=MEDIUMCONST \
  -pconst=CONST -AFARRAM=00h-00h \
  -prdata=COMRAM,nvrram=COMRAM,nvbit=COMRAM,rbss=COMRAM,rbit=COMRAM \
  -pfarbss=FARRAM,fardata=FARRAM,nvFARRAM=FARRAM \
  -pintsave_regs=BIGRAM,bigbss=BIGRAM,bigdata=BIGRAM -pbss=RAM \
  -pidata=CODE,irdata=CODE,ibigdata=CODE,ifardata=CODE -prparam=COMRAM \
  C:\Users\3yuut\AppData\Local\Temp\xcAsefc.\driver_tmp_14.o \
  dist/default/debug\I2Ctest.X.debug.o 

Object code version is 3.11

Machine type is 18F47Q10



                Name                               Link     Load   Length Selector   Space Scale
C:\Users\3yuut\AppData\Local\Temp\xcAsefc.\driver_tmp_14.o
                config                           300000   300000        C        0       4
                init                                  2        2        4        0       0
                reset_vec                             0        0        2        0       0
dist/default/debug\I2Ctest.X.debug.o
                config                           300000   300000        C        0       4
                mediumconst                        FED0     FED0      130     7F68       0
                text75                            130C4    130C4        A     8000       0
                text74                            12F0E    12F0E       28     8000       0
                text73                            13122    13122        4     8000       0
                text72                            130BA    130BA        A     8000       0
                text71                            12C36    12C36       4A     8000       0
                text70                            13032    13032       12     8000       0
                text69                            12F58    12F58       22     8000       0
                text68                            12F36    12F36       22     8000       0
                text67                            12DD6    12DD6       40     8000       0
                text66                            1301E    1301E       14     8000       0
                text65                            13060    13060        E     8000       0
                text64                            13052    13052        E     8000       0
                text63                            13044    13044        E     8000       0
                text62                            12D0C    12D0C       46     8000       0
                text61                            128D8    128D8       90     8000       0
                text60                            12FB8    12FB8       16     8000       0
                text59                            1207C    1207C      1B4     8000       0
                text58                            13108    13108        6     8000       0
                text57                            13102    13102        6     8000       0
                text56                            130FC    130FC        6     8000       0
                text55                            130F6    130F6        6     8000       0
                text54                            12EE6    12EE6       28     8000       0
                text53                            1311E    1311E        4     8000       0
                text52                            130F0    130F0        6     8000       0
                text51                            1311A    1311A        4     8000       0
                text50                            1300A    1300A       14     8000       0
                text49                            130EA    130EA        6     8000       0
                text48                            13116    13116        4     8000       0
                text47                            13112    13112        4     8000       0
                text46                            130D6    130D6        8     8000       0
                text45                            1310E    1310E        4     8000       0
                text44                            12A4A    12A4A       5A     8000       0
                text43                            130E4    130E4        6     8000       0
                text42                            13086    13086        C     8000       0
                text41                            1307A    1307A        C     8000       0
                text40                            12968    12968       74     8000       0
                text39                            130B0    130B0        A     8000       0
                text38                            130A6    130A6        A     8000       0
                text37                            1306E    1306E        C     8000       0
                text36                            1309C    1309C        A     8000       0
                text35                            12CC6    12CC6       46     8000       0
                text34                            12FF6    12FF6       14     8000       0
                text33                            12FE2    12FE2       14     8000       0
                text32                            12FCE    12FCE       14     8000       0
                text31                            126C4    126C4       BC     8000       0
                text30                            12D96    12D96       40     8000       0
                text29                            13092    13092        A     8000       0
                text28                            12BEC    12BEC       4A     8000       0
                text27                            12602    12602       C2     8000       0
                text26                            12780    12780       AE     8000       0
                text25                            12E8A    12E8A       34     8000       0
                text24                            112D0    112D0      390     8000       0
                text23                            1282E    1282E       AA     8000       0
                text22                            12336    12336      104     8000       0
                text21                            10EAA    10EAA      426     8000       0
                text20                            12E52    12E52       38     8000       0
                text19                            109F4    109F4      4B6     8000       0
                text18                            12C80    12C80       46     8000       0
                text17                            12230    12230      106     8000       0
                text16                            1243A    1243A       FE     8000       0
                text15                            11E6A    11E6A      212     8000       0
                text14                            12AFA    12AFA       56     8000       0
                text13                            12B50    12B50       50     8000       0
                text12                            12EBE    12EBE       28     8000       0
                text11                            130CE    130CE        8     8000       0
                text10                            12F9A    12F9A       1E     8000       0
                text9                             12538    12538       CA     8000       0
                text8                             12D52    12D52       44     8000       0
                text7                             129DC    129DC       6E     8000       0
                text6                             12E16    12E16       3C     8000       0
                text5                             10000    10000      9F4     8000       0
                text4                             11660    11660      348     8000       0
                text3                             12BA0    12BA0       4C     8000       0
                text2                             12F7A    12F7A       20     8000       0
                text1                             119A8    119A8      266     8000       0
                text0                             11C0E    11C0E      25C     8000       0
                cstackCOMRAM                          1        1       4D        1       1
                cstackBANK0                          60       60       3A       60       1
                bssBANK2                            200      200       80      200       1
                bssBANK1                            100      100       D0      100       1
                dataBANK0                            C0       C0        6       60       1
                bssBANK0                             9A       9A       26       60       1
                bssCOMRAM                            4E       4E       12        1       1
                cinit                             12AA4    12AA4       56     8000       0
                idataBANK0                        130DE    130DE        6     8000       0

TOTAL           Name                               Link     Load   Length     Space
        CLASS   CODE           
                init                                  2        2        4         0
                reset_vec                             0        0        2         0
                text75                            130C4    130C4        A         0
                text74                            12F0E    12F0E       28         0
                text73                            13122    13122        4         0
                text72                            130BA    130BA        A         0
                text71                            12C36    12C36       4A         0
                text70                            13032    13032       12         0
                text69                            12F58    12F58       22         0
                text68                            12F36    12F36       22         0
                text67                            12DD6    12DD6       40         0
                text66                            1301E    1301E       14         0
                text65                            13060    13060        E         0
                text64                            13052    13052        E         0
                text63                            13044    13044        E         0
                text62                            12D0C    12D0C       46         0
                text61                            128D8    128D8       90         0
                text60                            12FB8    12FB8       16         0
                text59                            1207C    1207C      1B4         0
                text58                            13108    13108        6         0
                text57                            13102    13102        6         0
                text56                            130FC    130FC        6         0
                text55                            130F6    130F6        6         0
                text54                            12EE6    12EE6       28         0
                text53                            1311E    1311E        4         0
                text52                            130F0    130F0        6         0
                text51                            1311A    1311A        4         0
                text50                            1300A    1300A       14         0
                text49                            130EA    130EA        6         0
                text48                            13116    13116        4         0
                text47                            13112    13112        4         0
                text46                            130D6    130D6        8         0
                text45                            1310E    1310E        4         0
                text44                            12A4A    12A4A       5A         0
                text43                            130E4    130E4        6         0
                text42                            13086    13086        C         0
                text41                            1307A    1307A        C         0
                text40                            12968    12968       74         0
                text39                            130B0    130B0        A         0
                text38                            130A6    130A6        A         0
                text37                            1306E    1306E        C         0
                text36                            1309C    1309C        A         0
                text35                            12CC6    12CC6       46         0
                text34                            12FF6    12FF6       14         0
                text33                            12FE2    12FE2       14         0
                text32                            12FCE    12FCE       14         0
                text31                            126C4    126C4       BC         0
                text30                            12D96    12D96       40         0
                text29                            13092    13092        A         0
                text28                            12BEC    12BEC       4A         0
                text27                            12602    12602       C2         0
                text26                            12780    12780       AE         0
                text25                            12E8A    12E8A       34         0
                text24                            112D0    112D0      390         0
                text23                            1282E    1282E       AA         0
                text22                            12336    12336      104         0
                text21                            10EAA    10EAA      426         0
                text20                            12E52    12E52       38         0
                text19                            109F4    109F4      4B6         0
                text18                            12C80    12C80       46         0
                text17                            12230    12230      106         0
                text16                            1243A    1243A       FE         0
                text15                            11E6A    11E6A      212         0
                text14                            12AFA    12AFA       56         0
                text13                            12B50    12B50       50         0
                text12                            12EBE    12EBE       28         0
                text11                            130CE    130CE        8         0
                text10                            12F9A    12F9A       1E         0
                text9                             12538    12538       CA         0
                text8                             12D52    12D52       44         0
                text7                             129DC    129DC       6E         0
                text6                             12E16    12E16       3C         0
                text5                             10000    10000      9F4         0
                text4                             11660    11660      348         0
                text3                             12BA0    12BA0       4C         0
                text2                             12F7A    12F7A       20         0
                text1                             119A8    119A8      266         0
                text0                             11C0E    11C0E      25C         0
                cinit                             12AA4    12AA4       56         0
                idataBANK0                        130DE    130DE        6         0

        CLASS   CONST          

        CLASS   SMALLCONST     

        CLASS   MEDIUMCONST    
                mediumconst                        FED0     FED0      130         0

        CLASS   COMRAM         
                cstackCOMRAM                          1        1       4D         1
                bssCOMRAM                            4E       4E       12         1

        CLASS   ABS1           

        CLASS   BIGRAM         

        CLASS   RAM            

        CLASS   BANK0          
                cstackBANK0                          60       60       3A         1
                dataBANK0                            C0       C0        6         1
                bssBANK0                             9A       9A       26         1

        CLASS   BANK1          
                bssBANK1                            100      100       D0         1

        CLASS   BANK2          
                bssBANK2                            200      200       80         1

        CLASS   BANK3          

        CLASS   BANK4          

        CLASS   BANK5          

        CLASS   BANK6          

        CLASS   BANK7          

        CLASS   BANK8          

        CLASS   BANK9          

        CLASS   BANK10         

        CLASS   BANK11         

        CLASS   BANK12         

        CLASS   BANK14         

        CLASS   SFR            

        CLASS   BIGSFR         

        CLASS   CONFIG         
                config                           300000   300000        C         4

        CLASS   IDLOC          

        CLASS   EEDATA         

        CLASS   FARRAM         

        CLASS   HEAP           

        CLASS   STACK          



SEGMENTS        Name                           Load    Length   Top    Selector   Space  Class

                reset_vec                      000000  000006  000006         0       0  CODE    
                cstackCOMRAM                   000001  00005F  000060         1       1  COMRAM  
                cstackBANK0                    000060  000066  0000C6        60       1  BANK0   
                bssBANK1                       000100  0000D0  0001D0       100       1  BANK1   
                bssBANK2                       000200  000080  000280       200       1  BANK2   
                mediumconst                    00FED0  000130  010000      7F68       0  MEDIUMCO
                text5                          010000  003126  013126      8000       0  CODE    


UNUSED ADDRESS RANGES

        Name                Unused          Largest block    Delta
        BANK0            0000C6-0000FF               3A
        BANK1            0001D0-0001FF               30
        BANK10           000A00-000AFF              100
        BANK11           000B00-000BFF              100
        BANK12           000C00-000CFF              100
        BANK14           000E00-000E1E               1F
        BANK2            000280-0002FF               80
        BANK3            000300-0003FF              100
        BANK4            000400-0004FF              100
        BANK5            000500-0005FF              100
        BANK6            000600-0006FF              100
        BANK7            000700-0007FF              100
        BANK8            000800-0008FF              100
        BANK9            000900-0009FF              100
        BIGRAM           0000C6-0000FF               3A
                         0001D0-0001FF               30
                         000280-000CFF              A80
                         000E00-000E1E               1F
        BIGSFR           000D00-000DFF              100
                         000E1F-000FFF              1E1
        CODE             000006-00FECF             FECA
                         013126-01FFFF             CEDA
        CONST            000006-00FECF             FECA
                         013126-01FFFF             CEDA
        EEDATA           310000-3103FF              400
        IDLOC            200000-2000FF              100
        MEDIUMCONST      001000-00FECF             EED0
                         013126-01FFFF             CEDA
        RAM              0000C6-0000FF               3A
                         0001D0-0001FF               30
                         000280-000CFF              100
                         000E00-000E1E               1F
        SFR              000D00-000DFF              100
                         000E1F-000FFF               E1
        SMALLCONST       001000-00FECF              100
                         013126-01FFFF              100

                                  Symbol Table

?___awdiv                                            cstackCOMRAM 000001
?___awmod                                            cstackCOMRAM 000001
?___fladd                                            cstackCOMRAM 000001
?___fldiv                                            cstackCOMRAM 000001
?___flmul                                            cstackCOMRAM 00000F
?___flneg                                            cstackCOMRAM 000001
?___flsub                                            cstackCOMRAM 000028
?___fltol                                            cstackCOMRAM 000001
?___fpclassifyf                                      cstackCOMRAM 000001
?___xxtofl                                           cstackCOMRAM 000001
?_abs                                                cstackCOMRAM 000007
?_floorf                                             cstackCOMRAM 00001A
?_labs                                               cstackCOMRAM 000001
?_printf                                             cstackBANK0  000091
?_vfprintf                                           cstackBANK0  00008C
EUSART1_FramingErrorCallbackRegister@callbackHandler cstackCOMRAM 000001
EUSART1_OverrunErrorCallbackRegister@callbackHandler cstackCOMRAM 000001
EUSART1_Write@txData                                 cstackCOMRAM 000001
I2C1_DataTransmit@data                               cstackCOMRAM 000001
I2C1_EVENT_ERROR@retEventState                       cstackCOMRAM 000001
I2C1_EVENT_NACK@retEventState                        cstackCOMRAM 000001
I2C1_EVENT_RX@retEventState                          cstackCOMRAM 000001
I2C1_EVENT_TX@retEventState                          cstackCOMRAM 000002
I2C1_ErrorGet@retErrorState                          cstackCOMRAM 000001
I2C1_Read@address                                    cstackCOMRAM 000002
I2C1_Read@data                                       cstackCOMRAM 000004
I2C1_Read@dataLength                                 cstackCOMRAM 000006
I2C1_Write@address                                   cstackCOMRAM 000002
I2C1_Write@data                                      cstackCOMRAM 000004
I2C1_Write@dataLength                                cstackCOMRAM 000006
INT0_SetInterruptHandler@InterruptHandler            cstackCOMRAM 000001
INT1_SetInterruptHandler@InterruptHandler            cstackCOMRAM 000001
INT2_SetInterruptHandler@InterruptHandler            cstackCOMRAM 000001
_ANSELA                                              (abs)        000F0C
_ANSELB                                              (abs)        000F14
_ANSELC                                              (abs)        000F1C
_ANSELD                                              (abs)        000F21
_ANSELE                                              (abs)        000F29
_BAUD1CON                                            (abs)        000F9E
_BAUD1CONbits                                        (abs)        000F9E
_CLOCK_Initialize                                    text70       013032
_EUSART1_AutoBaudQuery                               (abs)        000000
_EUSART1_AutoBaudSet                                 (abs)        000000
_EUSART1_DefaultFramingErrorCallback                 (abs)        000000
_EUSART1_DefaultOverrunErrorCallback                 (abs)        000000
_EUSART1_Deinitialize                                (abs)        000000
_EUSART1_ErrorGet                                    (abs)        000000
_EUSART1_FramingErrorCallbackRegister                text69       012F58
_EUSART1_FramingErrorHandler                         bssBANK0     0000A9
_EUSART1_Initialize                                  text67       012DD6
_EUSART1_IsRxReady                                   (abs)        000000
_EUSART1_IsTxDone                                    (abs)        000000
_EUSART1_IsTxReady                                   text12       012EBE
_EUSART1_IsTxReady$1434                              cstackCOMRAM 000001
_EUSART1_OverrunErrorCallbackRegister                text68       012F36
_EUSART1_OverrunErrorHandler                         bssBANK0     0000A6
_EUSART1_Read                                        (abs)        000000
_EUSART1_TransmitDisable                             (abs)        000000
_EUSART1_TransmitEnable                              (abs)        000000
_EUSART1_Write                                       text11       0130CE
_I2C                                                 dataBANK0    0000C0
_I2C1_AckSend                                        text52       0130F0
_I2C1_BusReset                                       text58       013108
_I2C1_Callback                                       bssBANK0     0000B5
_I2C1_CallbackRegister                               (abs)        000000
_I2C1_Close                                          text54       012EE6
_I2C1_DataReceive                                    text51       01311A
_I2C1_DataTransmit                                   text46       0130D6
_I2C1_Deinitialize                                   (abs)        000000
_I2C1_EVENT_ERROR                                    text38       0130A6
_I2C1_EVENT_IDLE                                     text43       0130E4
_I2C1_EVENT_NACK                                     text39       0130B0
_I2C1_EVENT_RESET                                    text36       01309C
_I2C1_EVENT_RX                                       text40       012968
_I2C1_EVENT_SEND_RD_ADDR                             text42       013086
_I2C1_EVENT_SEND_WR_ADDR                             text41       01307A
_I2C1_EVENT_STOP                                     text37       01306E
_I2C1_EVENT_TX                                       text44       012A4A
_I2C1_ErrorEventHandler                              text35       012CC6
_I2C1_ErrorGet                                       text75       0130C4
_I2C1_ErrorInterruptClear                            text57       013102
_I2C1_EventHandler                                   text31       0126C4
_I2C1_Host                                           mediumconst  00FF35
_I2C1_Initialize                                     text66       01301E
_I2C1_InterruptClear                                 text56       0130FC
_I2C1_IsAddr                                         text34       012FF6
_I2C1_IsBusy                                         text74       012F0E
_I2C1_IsBusy$781                                     cstackCOMRAM 000001
_I2C1_IsData                                         text33       012FE2
_I2C1_IsNack                                         text32       012FCE
_I2C1_IsRxBufFull                                    text50       01300A
_I2C1_NackSend                                       text49       0130EA
_I2C1_Read                                           text71       012C36
_I2C1_ReadStart                                      text72       0130BA
_I2C1_ReceiveEnable                                  text48       013116
_I2C1_RestartDisable                                 text47       013112
_I2C1_RestartEnable                                  text45       01310E
_I2C1_StartSend                                      text73       013122
_I2C1_StatusFlagsClear                               text55       0130F6
_I2C1_StopSend                                       text53       01311E
_I2C1_Tasks                                          text30       012D96
_I2C1_Write                                          text28       012BEC
_I2C1_WriteRead                                      (abs)        000000
_I2C1_WriteStart                                     text29       013092
_INLVLA                                              (abs)        000F08
_INLVLB                                              (abs)        000F10
_INLVLC                                              (abs)        000F18
_INLVLD                                              (abs)        000F1D
_INLVLE                                              (abs)        000F25
_INT0_DefaultInterruptHandler                        (abs)        000000
_INT0_InterruptHandler                               bssBANK0     0000B2
_INT0_SetInterruptHandler                            text65       013060
_INT1_DefaultInterruptHandler                        (abs)        000000
_INT1_InterruptHandler                               bssBANK0     0000AF
_INT1_SetInterruptHandler                            text64       013052
_INT2_DefaultInterruptHandler                        (abs)        000000
_INT2_InterruptHandler                               bssBANK0     0000AC
_INT2_SetInterruptHandler                            text63       013044
_INTCONbits                                          (abs)        000FF2
_INTERRUPT_Initialize                                text62       012D0C
_IOCAF                                               (abs)        000F05
_IOCAN                                               (abs)        000F06
_IOCAP                                               (abs)        000F07
_IOCBF                                               (abs)        000F0D
_IOCBN                                               (abs)        000F0E
_IOCBP                                               (abs)        000F0F
_IOCCF                                               (abs)        000F15
_IOCCN                                               (abs)        000F16
_IOCCP                                               (abs)        000F17
_IOCEF                                               (abs)        000F22
_IOCEN                                               (abs)        000F23
_IOCEP                                               (abs)        000F24
_LATA                                                (abs)        000F82
_LATB                                                (abs)        000F83
_LATC                                                (abs)        000F84
_LATD                                                (abs)        000F85
_LATDbits                                            (abs)        000F85
_LATE                                                (abs)        000F86
_ODCONA                                              (abs)        000F0A
_ODCONB                                              (abs)        000F12
_ODCONC                                              (abs)        000F1A
_ODCOND                                              (abs)        000F1F
_ODCONE                                              (abs)        000F27
_OSCCON1                                             (abs)        000ED3
_OSCCON3                                             (abs)        000ED5
_OSCEN                                               (abs)        000ED7
_OSCFRQ                                              (abs)        000ED9
_OSCTUNE                                             (abs)        000ED8
_PIN_MANAGER_Initialize                              text61       0128D8
_PIR0bits                                            (abs)        000EC5
_PIR3bits                                            (abs)        000EC8
_RC1REG                                              (abs)        000F98
_RC1STA                                              (abs)        000F9C
_RC1STAbits                                          (abs)        000F9C
_RC3PPS                                              (abs)        000EF5
_RC4PPS                                              (abs)        000EF6
_RC6PPS                                              (abs)        000EF8
_RX1PPS                                              (abs)        000EB0
_SLRCONA                                             (abs)        000F09
_SLRCONB                                             (abs)        000F11
_SLRCONC                                             (abs)        000F19
_SLRCOND                                             (abs)        000F1E
_SLRCONE                                             (abs)        000F26
_SP1BRGH                                             (abs)        000F9B
_SP1BRGL                                             (abs)        000F9A
_SSP1ADD                                             (abs)        000F92
_SSP1BUF                                             (abs)        000F91
_SSP1CLKPPS                                          (abs)        000EB2
_SSP1CON1                                            (abs)        000F95
_SSP1CON1bits                                        (abs)        000F95
_SSP1CON2                                            (abs)        000F96
_SSP1CON2bits                                        (abs)        000F96
_SSP1CON3                                            (abs)        000F97
_SSP1DATPPS                                          (abs)        000EB3
_SSP1STAT                                            (abs)        000F94
_SSP1STATbits                                        (abs)        000F94
_SYSTEM_Initialize                                   text60       012FB8
_TRISA                                               (abs)        000F87
_TRISB                                               (abs)        000F88
_TRISC                                               (abs)        000F89
_TRISD                                               (abs)        000F8A
_TRISE                                               (abs)        000F8B
_TX1REG                                              (abs)        000F99
_TX1STA                                              (abs)        000F9D
_TX1STAbits                                          (abs)        000F9D
_UART1                                               mediumconst  00FED1
_WPUA                                                (abs)        000F0B
_WPUB                                                (abs)        000F13
_WPUC                                                (abs)        000F1B
_WPUD                                                (abs)        000F20
_WPUE                                                (abs)        000F28
__HRAM                                               (abs)        000000
__H__absolute__                                      __absolute__ 000000
__Habs1                                              abs1         000000
__Hbank0                                             bank0        000000
__Hbank1                                             bank1        000000
__Hbank10                                            bank10       000000
__Hbank11                                            bank11       000000
__Hbank12                                            bank12       000000
__Hbank14                                            bank14       000000
__Hbank2                                             bank2        000000
__Hbank3                                             bank3        000000
__Hbank4                                             bank4        000000
__Hbank5                                             bank5        000000
__Hbank6                                             bank6        000000
__Hbank7                                             bank7        000000
__Hbank8                                             bank8        000000
__Hbank9                                             bank9        000000
__Hbigbss                                            bigbss       000000
__Hbigdata                                           bigdata      000000
__Hbigram                                            bigram       000000
__Hbigsfr                                            bigsfr       000000
__Hbss                                               bss          000000
__HbssBANK0                                          bssBANK0     000000
__HbssBANK1                                          bssBANK1     000000
__HbssBANK2                                          bssBANK2     000000
__HbssCOMRAM                                         bssCOMRAM    000000
__Hcinit                                             cinit        000000
__Hclrtext                                           clrtext      000000
__Hcomram                                            comram       000000
__Hconfig                                            config       30000C
__Hconst                                             const        000000
__HcstackBANK0                                       cstackBANK0  000000
__HcstackCOMRAM                                      cstackCOMRAM 000000
__Hdata                                              data         000000
__HdataBANK0                                         dataBANK0    000000
__Heeprom_data                                       eeprom_data  000000
__Hfarbss                                            farbss       000000
__Hfardata                                           fardata      000000
__Hheap                                              heap         000000
__Hibigdata                                          ibigdata     000000
__Hidata                                             idata        000000
__HidataBANK0                                        idataBANK0   000000
__Hidloc                                             idloc        000000
__Hifardata                                          ifardata     000000
__Hinit                                              init         000006
__Hintcode                                           intcode      000002
__Hintcode_body                                      intcode_body 000000
__Hintcodelo                                         intcodelo    000002
__Hintentry                                          intentry     000000
__Hintret                                            intret       000000
__Hintsave_regs                                      intsave_regs 000000
__Hirdata                                            irdata       000000
__Hmediumconst                                       mediumconst  010000
__HnvFARRAM                                          nvFARRAM     000000
__Hnvbit                                             nvbit        000000
__Hnvrram                                            nvrram       000000
__Hparam                                             rparam       000000
__Hpowerup                                           powerup      000002
__Hram                                               ram          000000
__Hramtop                                            ramtop       001000
__Hrbit                                              rbit         000000
__Hrbss                                              rbss         000000
__Hrdata                                             rdata        000000
__Hreset_vec                                         reset_vec    000002
__Hrparam                                            rparam       000000
__Hsfr                                               sfr          000000
__Hsivt_hi                                           sivt_hi      000002
__Hsivt_lo                                           sivt_lo      000002
__Hsmallconst                                        smallconst   000000
__Hspace_0                                           (abs)        013126
__Hspace_1                                           (abs)        000280
__Hspace_2                                           (abs)        000000
__Hspace_4                                           (abs)        60000C
__Hstack                                             stack        000000
__Hstruct                                            struct       000000
__Htemp                                              temp         000000
__Htext                                              text         000000
__Htext0                                             text0        000000
__Htext1                                             text1        000000
__Htext10                                            text10       000000
__Htext11                                            text11       000000
__Htext12                                            text12       000000
__Htext13                                            text13       000000
__Htext14                                            text14       000000
__Htext15                                            text15       000000
__Htext16                                            text16       000000
__Htext17                                            text17       000000
__Htext18                                            text18       000000
__Htext19                                            text19       000000
__Htext2                                             text2        000000
__Htext20                                            text20       000000
__Htext21                                            text21       000000
__Htext22                                            text22       000000
__Htext23                                            text23       000000
__Htext24                                            text24       000000
__Htext25                                            text25       000000
__Htext26                                            text26       000000
__Htext27                                            text27       000000
__Htext28                                            text28       000000
__Htext29                                            text29       000000
__Htext3                                             text3        000000
__Htext30                                            text30       000000
__Htext31                                            text31       000000
__Htext32                                            text32       000000
__Htext33                                            text33       000000
__Htext34                                            text34       000000
__Htext35                                            text35       000000
__Htext36                                            text36       000000
__Htext37                                            text37       000000
__Htext38                                            text38       000000
__Htext39                                            text39       000000
__Htext4                                             text4        000000
__Htext40                                            text40       000000
__Htext41                                            text41       000000
__Htext42                                            text42       000000
__Htext43                                            text43       000000
__Htext44                                            text44       000000
__Htext45                                            text45       000000
__Htext46                                            text46       000000
__Htext47                                            text47       000000
__Htext48                                            text48       000000
__Htext49                                            text49       000000
__Htext5                                             text5        000000
__Htext50                                            text50       000000
__Htext51                                            text51       000000
__Htext52                                            text52       000000
__Htext53                                            text53       000000
__Htext54                                            text54       000000
__Htext55                                            text55       000000
__Htext56                                            text56       000000
__Htext57                                            text57       000000
__Htext58                                            text58       000000
__Htext59                                            text59       000000
__Htext6                                             text6        000000
__Htext60                                            text60       000000
__Htext61                                            text61       000000
__Htext62                                            text62       000000
__Htext63                                            text63       000000
__Htext64                                            text64       000000
__Htext65                                            text65       000000
__Htext66                                            text66       000000
__Htext67                                            text67       000000
__Htext68                                            text68       000000
__Htext69                                            text69       000000
__Htext7                                             text7        000000
__Htext70                                            text70       000000
__Htext71                                            text71       000000
__Htext72                                            text72       000000
__Htext73                                            text73       000000
__Htext74                                            text74       000000
__Htext75                                            text75       000000
__Htext8                                             text8        000000
__Htext9                                             text9        000000
__LRAM                                               (abs)        000001
__L__absolute__                                      __absolute__ 000000
__Labs1                                              abs1         000000
__Lbank0                                             bank0        000000
__Lbank1                                             bank1        000000
__Lbank10                                            bank10       000000
__Lbank11                                            bank11       000000
__Lbank12                                            bank12       000000
__Lbank14                                            bank14       000000
__Lbank2                                             bank2        000000
__Lbank3                                             bank3        000000
__Lbank4                                             bank4        000000
__Lbank5                                             bank5        000000
__Lbank6                                             bank6        000000
__Lbank7                                             bank7        000000
__Lbank8                                             bank8        000000
__Lbank9                                             bank9        000000
__Lbigbss                                            bigbss       000000
__Lbigdata                                           bigdata      000000
__Lbigram                                            bigram       000000
__Lbigsfr                                            bigsfr       000000
__Lbss                                               bss          000000
__LbssBANK0                                          bssBANK0     000000
__LbssBANK1                                          bssBANK1     000000
__LbssBANK2                                          bssBANK2     000000
__LbssCOMRAM                                         bssCOMRAM    000000
__Lcinit                                             cinit        000000
__Lclrtext                                           clrtext      000000
__Lcomram                                            comram       000000
__Lconfig                                            config       000000
__Lconst                                             const        000000
__LcstackBANK0                                       cstackBANK0  000000
__LcstackCOMRAM                                      cstackCOMRAM 000000
__Ldata                                              data         000000
__LdataBANK0                                         dataBANK0    000000
__Leeprom_data                                       eeprom_data  000000
__Lfarbss                                            farbss       000000
__Lfardata                                           fardata      000000
__Lheap                                              heap         000000
__Libigdata                                          ibigdata     000000
__Lidata                                             idata        000000
__LidataBANK0                                        idataBANK0   000000
__Lidloc                                             idloc        000000
__Lifardata                                          ifardata     000000
__Linit                                              init         000002
__Lintcode                                           intcode      000002
__Lintcode_body                                      intcode_body 000000
__Lintcodelo                                         intcodelo    000002
__Lintentry                                          intentry     000000
__Lintret                                            intret       000000
__Lintsave_regs                                      intsave_regs 000000
__Lirdata                                            irdata       000000
__Lmediumconst                                       mediumconst  00FED0
__LnvFARRAM                                          nvFARRAM     000000
__Lnvbit                                             nvbit        000000
__Lnvrram                                            nvrram       000000
__Lparam                                             rparam       000000
__Lpowerup                                           powerup      000002
__Lram                                               ram          000000
__Lramtop                                            ramtop       001000
__Lrbit                                              rbit         000000
__Lrbss                                              rbss         000000
__Lrdata                                             rdata        000000
__Lreset_vec                                         reset_vec    000000
__Lrparam                                            rparam       000000
__Lsfr                                               sfr          000000
__Lsivt_hi                                           sivt_hi      000002
__Lsivt_lo                                           sivt_lo      000002
__Lsmallconst                                        smallconst   000000
__Lspace_0                                           (abs)        000000
__Lspace_1                                           (abs)        000000
__Lspace_2                                           (abs)        000000
__Lspace_4                                           (abs)        000000
__Lstack                                             stack        000000
__Lstruct                                            struct       000000
__Ltemp                                              temp         000000
__Ltext                                              text         000000
__Ltext0                                             text0        000000
__Ltext1                                             text1        000000
__Ltext10                                            text10       000000
__Ltext11                                            text11       000000
__Ltext12                                            text12       000000
__Ltext13                                            text13       000000
__Ltext14                                            text14       000000
__Ltext15                                            text15       000000
__Ltext16                                            text16       000000
__Ltext17                                            text17       000000
__Ltext18                                            text18       000000
__Ltext19                                            text19       000000
__Ltext2                                             text2        000000
__Ltext20                                            text20       000000
__Ltext21                                            text21       000000
__Ltext22                                            text22       000000
__Ltext23                                            text23       000000
__Ltext24                                            text24       000000
__Ltext25                                            text25       000000
__Ltext26                                            text26       000000
__Ltext27                                            text27       000000
__Ltext28                                            text28       000000
__Ltext29                                            text29       000000
__Ltext3                                             text3        000000
__Ltext30                                            text30       000000
__Ltext31                                            text31       000000
__Ltext32                                            text32       000000
__Ltext33                                            text33       000000
__Ltext34                                            text34       000000
__Ltext35                                            text35       000000
__Ltext36                                            text36       000000
__Ltext37                                            text37       000000
__Ltext38                                            text38       000000
__Ltext39                                            text39       000000
__Ltext4                                             text4        000000
__Ltext40                                            text40       000000
__Ltext41                                            text41       000000
__Ltext42                                            text42       000000
__Ltext43                                            text43       000000
__Ltext44                                            text44       000000
__Ltext45                                            text45       000000
__Ltext46                                            text46       000000
__Ltext47                                            text47       000000
__Ltext48                                            text48       000000
__Ltext49                                            text49       000000
__Ltext5                                             text5        000000
__Ltext50                                            text50       000000
__Ltext51                                            text51       000000
__Ltext52                                            text52       000000
__Ltext53                                            text53       000000
__Ltext54                                            text54       000000
__Ltext55                                            text55       000000
__Ltext56                                            text56       000000
__Ltext57                                            text57       000000
__Ltext58                                            text58       000000
__Ltext59                                            text59       000000
__Ltext6                                             text6        000000
__Ltext60                                            text60       000000
__Ltext61                                            text61       000000
__Ltext62                                            text62       000000
__Ltext63                                            text63       000000
__Ltext64                                            text64       000000
__Ltext65                                            text65       000000
__Ltext66                                            text66       000000
__Ltext67                                            text67       000000
__Ltext68                                            text68       000000
__Ltext69                                            text69       000000
__Ltext7                                             text7        000000
__Ltext70                                            text70       000000
__Ltext71                                            text71       000000
__Ltext72                                            text72       000000
__Ltext73                                            text73       000000
__Ltext74                                            text74       000000
__Ltext75                                            text75       000000
__Ltext8                                             text8        000000
__Ltext9                                             text9        000000
__S0                                                 (abs)        013126
__S1                                                 (abs)        000280
__S4                                                 (abs)        000000
__S5                                                 (abs)        000000
___awdiv                                             text27       012602
___awdiv@counter                                     cstackCOMRAM 000005
___awdiv@dividend                                    cstackCOMRAM 000001
___awdiv@divisor                                     cstackCOMRAM 000003
___awdiv@quotient                                    cstackCOMRAM 000007
___awdiv@sign                                        cstackCOMRAM 000006
___awmod                                             text26       012780
___awmod@counter                                     cstackCOMRAM 000005
___awmod@dividend                                    cstackCOMRAM 000001
___awmod@divisor                                     cstackCOMRAM 000003
___awmod@sign                                        cstackCOMRAM 000006
___fladd                                             text19       0109F4
___fladd@a                                           cstackCOMRAM 000005
___fladd@aexp                                        cstackCOMRAM 00000E
___fladd@b                                           cstackCOMRAM 000001
___fladd@bexp                                        cstackCOMRAM 00000F
___fladd@grs                                         cstackCOMRAM 000010
___fladd@signs                                       cstackCOMRAM 00000D
___fldiv                                             text24       0112D0
___fldiv@a                                           cstackCOMRAM 000005
___fldiv@aexp                                        cstackCOMRAM 000019
___fldiv@b                                           cstackCOMRAM 000001
___fldiv@bexp                                        cstackCOMRAM 000018
___fldiv@grs                                         cstackCOMRAM 000014
___fldiv@new_exp                                     cstackCOMRAM 000012
___fldiv@rem                                         cstackCOMRAM 00000D
___fldiv@sign                                        cstackCOMRAM 000011
___fleq                                              text23       01282E
___fleq@ff1                                          cstackCOMRAM 000001
___fleq@ff2                                          cstackCOMRAM 000005
___flge                                              text22       012336
___flge@ff1                                          cstackCOMRAM 000028
___flge@ff2                                          cstackCOMRAM 00002C
___flmul                                             text21       010EAA
___flmul@a                                           cstackCOMRAM 000013
___flmul@aexp                                        cstackCOMRAM 000020
___flmul@b                                           cstackCOMRAM 00000F
___flmul@bexp                                        cstackCOMRAM 000021
___flmul@grs                                         cstackCOMRAM 00001C
___flmul@prod                                        cstackCOMRAM 000022
___flmul@sign                                        cstackCOMRAM 00001B
___flmul@temp                                        cstackCOMRAM 000026
___flneg                                             text20       012E52
___flneg@f1                                          cstackCOMRAM 000001
___flsub                                             text18       012C80
___flsub@a                                           cstackCOMRAM 00002C
___flsub@b                                           cstackCOMRAM 000028
___fltol                                             text17       012230
___fltol@exp1                                        cstackCOMRAM 00000A
___fltol@f1                                          cstackCOMRAM 000001
___fltol@sign1                                       cstackCOMRAM 000009
___fpclassifyf                                       text16       01243A
___fpclassifyf@F465                                  bssBANK0     00009E
___fpclassifyf@e                                     cstackCOMRAM 000009
___fpclassifyf@u                                     cstackCOMRAM 00000B
___fpclassifyf@x                                     cstackCOMRAM 000001
___heap_hi                                           (abs)        000000
___heap_lo                                           (abs)        000000
___inthi_sp                                          stack        000000
___inthi_stack_hi                                    stack        000000
___inthi_stack_lo                                    stack        000000
___intlo_sp                                          stack        000000
___intlo_stack_hi                                    stack        000000
___intlo_stack_lo                                    stack        000000
___param_bank                                        (abs)        000000
___rparam_used                                       (abs)        000001
___sp                                                stack        000000
___stack_hi                                          stack        000000
___stack_lo                                          stack        000000
___xxtofl                                            text59       01207C
___xxtofl@arg                                        cstackCOMRAM 00000B
___xxtofl@exp                                        cstackCOMRAM 00000A
___xxtofl@sign                                       cstackCOMRAM 000009
___xxtofl@val                                        cstackCOMRAM 000001
__accesstop                                          (abs)        000060
__activetblptr                                       (abs)        000003
__end_of_CLOCK_Initialize                            text70       013044
__end_of_EUSART1_FramingErrorCallbackRegister        text69       012F7A
__end_of_EUSART1_Initialize                          text67       012E16
__end_of_EUSART1_IsTxReady                           text12       012EE6
__end_of_EUSART1_OverrunErrorCallbackRegister        text68       012F58
__end_of_EUSART1_Write                               text11       0130D6
__end_of_I2C1_AckSend                                text52       0130F6
__end_of_I2C1_BusReset                               text58       01310E
__end_of_I2C1_Close                                  text54       012F0E
__end_of_I2C1_DataReceive                            text51       01311E
__end_of_I2C1_DataTransmit                           text46       0130DE
__end_of_I2C1_EVENT_ERROR                            text38       0130B0
__end_of_I2C1_EVENT_IDLE                             text43       0130EA
__end_of_I2C1_EVENT_NACK                             text39       0130BA
__end_of_I2C1_EVENT_RESET                            text36       0130A6
__end_of_I2C1_EVENT_RX                               text40       0129DC
__end_of_I2C1_EVENT_SEND_RD_ADDR                     text42       013092
__end_of_I2C1_EVENT_SEND_WR_ADDR                     text41       013086
__end_of_I2C1_EVENT_STOP                             text37       01307A
__end_of_I2C1_EVENT_TX                               text44       012AA4
__end_of_I2C1_ErrorEventHandler                      text35       012D0C
__end_of_I2C1_ErrorGet                               text75       0130CE
__end_of_I2C1_ErrorInterruptClear                    text57       013108
__end_of_I2C1_EventHandler                           text31       012780
__end_of_I2C1_Host                                   mediumconst  00FF53
__end_of_I2C1_Initialize                             text66       013032
__end_of_I2C1_InterruptClear                         text56       013102
__end_of_I2C1_IsAddr                                 text34       01300A
__end_of_I2C1_IsBusy                                 text74       012F36
__end_of_I2C1_IsData                                 text33       012FF6
__end_of_I2C1_IsNack                                 text32       012FE2
__end_of_I2C1_IsRxBufFull                            text50       01301E
__end_of_I2C1_NackSend                               text49       0130F0
__end_of_I2C1_Read                                   text71       012C80
__end_of_I2C1_ReadStart                              text72       0130C4
__end_of_I2C1_ReceiveEnable                          text48       01311A
__end_of_I2C1_RestartDisable                         text47       013116
__end_of_I2C1_RestartEnable                          text45       013112
__end_of_I2C1_StartSend                              text73       013126
__end_of_I2C1_StatusFlagsClear                       text55       0130FC
__end_of_I2C1_StopSend                               text53       013122
__end_of_I2C1_Tasks                                  text30       012DD6
__end_of_I2C1_Write                                  text28       012C36
__end_of_I2C1_WriteStart                             text29       01309C
__end_of_INT0_SetInterruptHandler                    text65       01306E
__end_of_INT1_SetInterruptHandler                    text64       013060
__end_of_INT2_SetInterruptHandler                    text63       013052
__end_of_INTERRUPT_Initialize                        text62       012D52
__end_of_PIN_MANAGER_Initialize                      text61       012968
__end_of_SYSTEM_Initialize                           text60       012FCE
__end_of_UART1                                       mediumconst  00FF19
__end_of___awdiv                                     text27       0126C4
__end_of___awmod                                     text26       01282E
__end_of___fladd                                     text19       010EAA
__end_of___fldiv                                     text24       011660
__end_of___fleq                                      text23       0128D8
__end_of___flge                                      text22       01243A
__end_of___flmul                                     text21       0112D0
__end_of___flneg                                     text20       012E8A
__end_of___flsub                                     text18       012CC6
__end_of___fltol                                     text17       012336
__end_of___fpclassifyf                               text16       012538
__end_of___xxtofl                                    text59       012230
__end_of__initialization                             cinit        012AF4
__end_of_abs                                         text25       012EBE
__end_of_efgtoa                                      text5        0109F4
__end_of_floorf                                      text15       01207C
__end_of_fputc                                       text9        012602
__end_of_fputs                                       text8        012D96
__end_of_i2c1_eventTable                             mediumconst  00FF34
__end_of_initLM75B                                   text1        011C0E
__end_of_labs                                        text14       012B50
__end_of_main                                        text0        011E6A
__end_of_memcpy                                      text13       012BA0
__end_of_osPin                                       mediumconst  00FF35
__end_of_pad                                         text7        012A4A
__end_of_printf                                      text2        012F9A
__end_of_putch                                       text10       012FB8
__end_of_strcpy                                      text6        012E52
__end_of_thyst                                       mediumconst  00FF57
__end_of_tos                                         mediumconst  00FF5B
__end_of_vfpfcnvrt                                   text4        0119A8
__end_of_vfprintf                                    text3        012BEC
__initialization                                     cinit        012AA4
__mediumconst                                        mediumconst  00FED0
__pbssBANK0                                          bssBANK0     00009A
__pbssBANK1                                          bssBANK1     000100
__pbssBANK2                                          bssBANK2     000200
__pbssCOMRAM                                         bssCOMRAM    00004E
__pcinit                                             cinit        012AA4
__pcstackBANK0                                       cstackBANK0  000060
__pcstackCOMRAM                                      cstackCOMRAM 000001
__pdataBANK0                                         dataBANK0    0000C0
__pidataBANK0                                        idataBANK0   0130DE
__pmediumconst                                       mediumconst  00FED0
__ptext0                                             text0        011C0E
__ptext1                                             text1        0119A8
__ptext10                                            text10       012F9A
__ptext11                                            text11       0130CE
__ptext12                                            text12       012EBE
__ptext13                                            text13       012B50
__ptext14                                            text14       012AFA
__ptext15                                            text15       011E6A
__ptext16                                            text16       01243A
__ptext17                                            text17       012230
__ptext18                                            text18       012C80
__ptext19                                            text19       0109F4
__ptext2                                             text2        012F7A
__ptext20                                            text20       012E52
__ptext21                                            text21       010EAA
__ptext22                                            text22       012336
__ptext23                                            text23       01282E
__ptext24                                            text24       0112D0
__ptext25                                            text25       012E8A
__ptext26                                            text26       012780
__ptext27                                            text27       012602
__ptext28                                            text28       012BEC
__ptext29                                            text29       013092
__ptext3                                             text3        012BA0
__ptext30                                            text30       012D96
__ptext31                                            text31       0126C4
__ptext32                                            text32       012FCE
__ptext33                                            text33       012FE2
__ptext34                                            text34       012FF6
__ptext35                                            text35       012CC6
__ptext36                                            text36       01309C
__ptext37                                            text37       01306E
__ptext38                                            text38       0130A6
__ptext39                                            text39       0130B0
__ptext4                                             text4        011660
__ptext40                                            text40       012968
__ptext41                                            text41       01307A
__ptext42                                            text42       013086
__ptext43                                            text43       0130E4
__ptext44                                            text44       012A4A
__ptext45                                            text45       01310E
__ptext46                                            text46       0130D6
__ptext47                                            text47       013112
__ptext48                                            text48       013116
__ptext49                                            text49       0130EA
__ptext5                                             text5        010000
__ptext50                                            text50       01300A
__ptext51                                            text51       01311A
__ptext52                                            text52       0130F0
__ptext53                                            text53       01311E
__ptext54                                            text54       012EE6
__ptext55                                            text55       0130F6
__ptext56                                            text56       0130FC
__ptext57                                            text57       013102
__ptext58                                            text58       013108
__ptext59                                            text59       01207C
__ptext6                                             text6        012E16
__ptext60                                            text60       012FB8
__ptext61                                            text61       0128D8
__ptext62                                            text62       012D0C
__ptext63                                            text63       013044
__ptext64                                            text64       013052
__ptext65                                            text65       013060
__ptext66                                            text66       01301E
__ptext67                                            text67       012DD6
__ptext68                                            text68       012F36
__ptext69                                            text69       012F58
__ptext7                                             text7        0129DC
__ptext70                                            text70       013032
__ptext71                                            text71       012C36
__ptext72                                            text72       0130BA
__ptext73                                            text73       013122
__ptext74                                            text74       012F0E
__ptext75                                            text75       0130C4
__ptext8                                             text8        012D52
__ptext9                                             text9        012538
__ramtop                                             ramtop       001000
__smallconst                                         smallconst   000000
_abs                                                 text25       012E8A
_dataRead                                            bssBANK2     000200
_dbuf                                                bssBANK1     000180
_efgtoa                                              text5        010000
_efgtoa$2150                                         cstackBANK0  000066
_eusart1RxLastError                                  bssBANK0     0000BE
_flags                                               bssCOMRAM    00005C
_floorf                                              text15       011E6A
_fputc                                               text9        012538
_fputs                                               text8        012D52
_gb_didProceedData                                   bssCOMRAM    00005E
_i2c1Status                                          bssCOMRAM    00004E
_i2c1_eventTable                                     mediumconst  00FF19
_initLM75B                                           text1        0119A8
_labs                                                text14       012AFA
_loopCnt                                             bssCOMRAM    00005F
_main                                                text0        011C0E
_memcpy                                              text13       012B50
_osPin                                               mediumconst  00FF34
_pad                                                 text7        0129DC
_prec                                                bssBANK0     0000BA
_printf                                              text2        012F7A
_putch                                               text10       012F9A
_sendBuf                                             bssBANK1     000100
_strcpy                                              text6        012E16
_thyst_data                                          dataBANK0    0000C2
_tos_data                                            dataBANK0    0000C4
_vfpfcnvrt                                           text4        011660
_vfprintf                                            text3        012BA0
_width                                               bssBANK0     0000B8
abs@a                                                cstackCOMRAM 000007
efgtoa@c                                             cstackCOMRAM 00003A
efgtoa@d                                             cstackBANK0  00006B
efgtoa@e                                             cstackBANK0  00006F
efgtoa@f                                             cstackCOMRAM 000036
efgtoa@fp                                            cstackCOMRAM 000034
efgtoa@g                                             cstackBANK0  000084
efgtoa@h                                             cstackBANK0  000079
efgtoa@i                                             cstackBANK0  000077
efgtoa@l                                             cstackBANK0  00007D
efgtoa@m                                             cstackBANK0  00006D
efgtoa@mode                                          cstackBANK0  000069
efgtoa@n                                             cstackBANK0  000082
efgtoa@ne                                            cstackBANK0  000060
efgtoa@nmode                                         cstackBANK0  00006A
efgtoa@ou                                            cstackBANK0  000073
efgtoa@p                                             cstackBANK0  000062
efgtoa@pp                                            cstackBANK0  000068
efgtoa@sign                                          cstackBANK0  000081
efgtoa@t                                             cstackBANK0  000064
efgtoa@u                                             cstackBANK0  000088
efgtoa@w                                             cstackBANK0  000071
end_of_initialization                                cinit        012AF4
floorf@F521                                          bssBANK0     00009A
floorf@e                                             cstackCOMRAM 000028
floorf@m                                             cstackCOMRAM 000024
floorf@u                                             cstackCOMRAM 00002A
floorf@x                                             cstackCOMRAM 00001A
fputc@c                                              cstackCOMRAM 000003
fputc@fp                                             cstackCOMRAM 000005
fputs@c                                              cstackCOMRAM 000010
fputs@fp                                             cstackCOMRAM 00000E
fputs@i                                              cstackCOMRAM 000011
fputs@s                                              cstackCOMRAM 00000C
intlevel0                                            text         000000
intlevel1                                            text         000000
intlevel2                                            text         000000
intlevel3                                            text         000000
isa$std                                              (abs)        000001
isa$xinst                                            (abs)        000000
labs@a                                               cstackCOMRAM 000001
main@er                                              bssCOMRAM    00005D
main@rawTempValue                                    bssBANK0     0000BC
main@tempCelsius                                     bssBANK0     0000A2
memcpy@d                                             cstackCOMRAM 000007
memcpy@d1                                            cstackCOMRAM 000001
memcpy@n                                             cstackCOMRAM 000005
memcpy@s                                             cstackCOMRAM 000009
memcpy@s1                                            cstackCOMRAM 000003
memcpy@tmp                                           cstackCOMRAM 00000B
pad@buf                                              cstackCOMRAM 000015
pad@fp                                               cstackCOMRAM 000013
pad@i                                                cstackCOMRAM 00001A
pad@p                                                cstackCOMRAM 000017
printf@ap                                            cstackCOMRAM 00004D
printf@fmt                                           cstackBANK0  000091
putch@txData                                         cstackCOMRAM 000002
stackhi                                              (abs)        000000
stacklo                                              (abs)        000000
start                                                init         000002
start_initialization                                 cinit        012AA4
strcpy@d                                             cstackCOMRAM 000005
strcpy@dest                                          cstackCOMRAM 000001
strcpy@src                                           cstackCOMRAM 000003
vfpfcnvrt@ap                                         cstackCOMRAM 000040
vfpfcnvrt@c                                          cstackCOMRAM 00004A
vfpfcnvrt@convarg                                    cstackCOMRAM 000044
vfpfcnvrt@cp                                         cstackCOMRAM 000048
vfpfcnvrt@done                                       cstackCOMRAM 000043
vfpfcnvrt@fmt                                        cstackCOMRAM 00003F
vfpfcnvrt@fp                                         cstackCOMRAM 00003D
vfprintf@ap                                          cstackBANK0  000090
vfprintf@cfmt                                        cstackCOMRAM 00004B
vfprintf@fmt                                         cstackBANK0  00008E
vfprintf@fp                                          cstackBANK0  00008C


MODULE INFORMATION

Module		Function		Class		Link	Load	Size
C:\Program Files\Microchip\xc8\v2.50\pic\sources\c99\common\memcpy.c
		_memcpy        		CODE           	12B50	0000	80

C:\Program Files\Microchip\xc8\v2.50\pic\sources\c99\common\memcpy.c estimated size: 80

C:\Program Files\Microchip\xc8\v2.50\pic\sources\c99\common\flneg.c
		___flneg       		CODE           	12E52	0000	56

C:\Program Files\Microchip\xc8\v2.50\pic\sources\c99\common\flneg.c estimated size: 56

C:\Program Files\Microchip\xc8\v2.50\pic\sources\c99\common\nf_fputs.c
		_fputs         		CODE           	12D52	0000	68

C:\Program Files\Microchip\xc8\v2.50\pic\sources\c99\common\nf_fputs.c estimated size: 68

C:\Program Files\Microchip\xc8\v2.50\pic\sources\c99\common\sprcmul.c
		___flmul       		CODE           	10EAA	0000	1062

C:\Program Files\Microchip\xc8\v2.50\pic\sources\c99\common\sprcmul.c estimated size: 1062

C:\Program Files\Microchip\xc8\v2.50\pic\sources\c99\common\printf.c
		_printf        		CODE           	12F7A	0000	32

C:\Program Files\Microchip\xc8\v2.50\pic\sources\c99\common\printf.c estimated size: 32

C:\Program Files\Microchip\xc8\v2.50\pic\sources\c99\common\sprcdiv.c
		___fldiv       		CODE           	112D0	0000	912

C:\Program Files\Microchip\xc8\v2.50\pic\sources\c99\common\sprcdiv.c estimated size: 912

C:\Program Files\Microchip\xc8\v2.50\pic\sources\c99\common\floorf.c
		_floorf        		CODE           	11E6A	0000	530

C:\Program Files\Microchip\xc8\v2.50\pic\sources\c99\common\floorf.c estimated size: 530

mcc_generated_files/system/src/interrupt.c
		_INT0_SetInterruptHandler		CODE           	13060	0000	14
		_INT1_SetInterruptHandler		CODE           	13052	0000	14
		_INT2_SetInterruptHandler		CODE           	13044	0000	14
		_INTERRUPT_Initialize		CODE           	12D0C	0000	70

mcc_generated_files/system/src/interrupt.c estimated size: 112

C:\Program Files\Microchip\xc8\v2.50\pic\sources\c99\common\awmod.c
		___awmod       		CODE           	12780	0000	174

C:\Program Files\Microchip\xc8\v2.50\pic\sources\c99\common\awmod.c estimated size: 174

mcc_generated_files/i2c_host/src/mssp1.c
		_I2C1_Tasks    		CODE           	12D96	0000	64
		_I2C1_EVENT_SEND_WR_ADDR		CODE           	1307A	0000	12
		_I2C1_Read     		CODE           	12C36	0000	74
		_I2C1_NackSend 		CODE           	130EA	0000	6
		_I2C1_ErrorEventHandler		CODE           	12CC6	0000	70
		_I2C1_EVENT_RESET		CODE           	1309C	0000	10
		_I2C1_EVENT_ERROR		CODE           	130A6	0000	10
		_I2C1_ErrorInterruptClear		CODE           	13102	0000	6
		_I2C1_StatusFlagsClear		CODE           	130F6	0000	6
		_I2C1_InterruptClear		CODE           	130FC	0000	6
		_I2C1_WriteStart		CODE           	13092	0000	10
		_I2C1_ReadStart		CODE           	130BA	0000	10
		_I2C1_EVENT_RX 		CODE           	12968	0000	116
		_I2C1_EVENT_TX 		CODE           	12A4A	0000	90
		_I2C1_ReceiveEnable		CODE           	13116	0000	4
		_I2C1_RestartEnable		CODE           	1310E	0000	4
		_I2C1_EventHandler		CODE           	126C4	0000	188
		_I2C1_DataReceive		CODE           	1311A	0000	4
		_I2C1_IsData   		CODE           	12FE2	0000	20
		_I2C1_IsNack   		CODE           	12FCE	0000	20
		_I2C1_IsAddr   		CODE           	12FF6	0000	20
		_I2C1_IsBusy   		CODE           	12F0E	0000	40
		_I2C1_EVENT_IDLE		CODE           	130E4	0000	6
		_I2C1_EVENT_NACK		CODE           	130B0	0000	10
		_I2C1_ErrorGet 		CODE           	130C4	0000	10
		_I2C1_EVENT_SEND_RD_ADDR		CODE           	13086	0000	12
		_I2C1_EVENT_STOP		CODE           	1306E	0000	12
		_I2C1_BusReset 		CODE           	13108	0000	6
		_I2C1_Initialize		CODE           	1301E	0000	20
		_I2C1_Close    		CODE           	12EE6	0000	40
		_I2C1_IsRxBufFull		CODE           	1300A	0000	20
		_I2C1_Write    		CODE           	12BEC	0000	74
		_I2C1_StopSend 		CODE           	1311E	0000	4
		_I2C1_RestartDisable		CODE           	13112	0000	4
		_I2C1_DataTransmit		CODE           	130D6	0000	8
		_I2C1_AckSend  		CODE           	130F0	0000	6
		_I2C1_StartSend		CODE           	13122	0000	4

mcc_generated_files/i2c_host/src/mssp1.c estimated size: 1026

C:\Program Files\Microchip\xc8\v2.50\pic\sources\c99\common\abs.c
		_abs           		CODE           	12E8A	0000	52

C:\Program Files\Microchip\xc8\v2.50\pic\sources\c99\common\abs.c estimated size: 52

C:\Program Files\Microchip\xc8\v2.50\pic\sources\c99\common\fleq.c
		___fleq        		CODE           	1282E	0000	170

C:\Program Files\Microchip\xc8\v2.50\pic\sources\c99\common\fleq.c estimated size: 170

C:\Program Files\Microchip\xc8\v2.50\pic\sources\c99\common\xxtofl.c
		___xxtofl      		CODE           	1207C	0000	436

C:\Program Files\Microchip\xc8\v2.50\pic\sources\c99\common\xxtofl.c estimated size: 436

C:\Program Files\Microchip\xc8\v2.50\pic\sources\c99\common\__fpclassifyf.c
		___fpclassifyf 		CODE           	1243A	0000	254

C:\Program Files\Microchip\xc8\v2.50\pic\sources\c99\common\__fpclassifyf.c estimated size: 254

mcc_generated_files/system/src/pins.c
		_PIN_MANAGER_Initialize		CODE           	128D8	0000	144

mcc_generated_files/system/src/pins.c estimated size: 144

C:\Program Files\Microchip\xc8\v2.50\pic\sources\c99\common\strcpy.c
		_strcpy        		CODE           	12E16	0000	60

C:\Program Files\Microchip\xc8\v2.50\pic\sources\c99\common\strcpy.c estimated size: 60

C:\Program Files\Microchip\xc8\v2.50\pic\sources\c99\common\sprcadd.c
		___flsub       		CODE           	12C80	0000	70
		___fladd       		CODE           	109F4	0000	1206

C:\Program Files\Microchip\xc8\v2.50\pic\sources\c99\common\sprcadd.c estimated size: 1276

C:\Program Files\Microchip\xc8\v2.50\pic\sources\c99\common\nf_fputc.c
		_fputc         		CODE           	12538	0000	202

C:\Program Files\Microchip\xc8\v2.50\pic\sources\c99\common\nf_fputc.c estimated size: 202

shared
		_osPin         		MEDIUMCONST    	FF34	0000	1
		__initialization		CODE           	12AA4	0000	80
		_I2C1_Host     		MEDIUMCONST    	FF35	0000	30
		_i2c1_eventTable		MEDIUMCONST    	FF19	0000	27
		_UART1         		MEDIUMCONST    	FED1	0000	72
		_thyst         		MEDIUMCONST    	0000	0000	0
		_tos           		MEDIUMCONST    	0000	0000	0

shared estimated size: 210

C:\Program Files\Microchip\xc8\v2.50\pic\sources\c99\common\awdiv.c
		___awdiv       		CODE           	12602	0000	194

C:\Program Files\Microchip\xc8\v2.50\pic\sources\c99\common\awdiv.c estimated size: 194

C:\Program Files\Microchip\xc8\v2.50\pic\sources\c99\common\fltol.c
		___fltol       		CODE           	12230	0000	262

C:\Program Files\Microchip\xc8\v2.50\pic\sources\c99\common\fltol.c estimated size: 262

C:\Program Files\Microchip\xc8\v2.50\pic\sources\c99\common\doprnt.c
		_vfpfcnvrt     		CODE           	11660	0000	840
		_efgtoa        		CODE           	10000	0000	2548
		_pad           		CODE           	129DC	0000	110
		_vfprintf      		CODE           	12BA0	0000	76

C:\Program Files\Microchip\xc8\v2.50\pic\sources\c99\common\doprnt.c estimated size: 3574

C:\Program Files\Microchip\xc8\v2.50\pic\sources\c99\common\labs.c
		_labs          		CODE           	12AFA	0000	86

C:\Program Files\Microchip\xc8\v2.50\pic\sources\c99\common\labs.c estimated size: 86

mcc_generated_files/system/src/clock.c
		_CLOCK_Initialize		CODE           	13032	0000	18

mcc_generated_files/system/src/clock.c estimated size: 18

main.c
		_main          		CODE           	11C0E	0000	604
		_initLM75B     		CODE           	119A8	0000	614

main.c estimated size: 1218

mcc_generated_files/uart/src/eusart1.c
		_EUSART1_Initialize		CODE           	12DD6	0000	64
		_putch         		CODE           	12F9A	0000	30
		_EUSART1_Write 		CODE           	130CE	0000	8
		_EUSART1_FramingErrorCallbackRegister		CODE           	12F58	0000	34
		_EUSART1_IsTxReady		CODE           	12EBE	0000	40
		_EUSART1_OverrunErrorCallbackRegister		CODE           	12F36	0000	34

mcc_generated_files/uart/src/eusart1.c estimated size: 210

C:\Program Files\Microchip\xc8\v2.50\pic\sources\c99\common\flge.c
		___flge        		CODE           	12336	0000	260

C:\Program Files\Microchip\xc8\v2.50\pic\sources\c99\common\flge.c estimated size: 260

mcc_generated_files/system/src/system.c
		_SYSTEM_Initialize		CODE           	12FB8	0000	22

mcc_generated_files/system/src/system.c estimated size: 22

