Microchip MPLAB XC8 Compiler V2.50

Linker command line:

-W-3 \
  --edf=C:\Program Files\Microchip\xc8\v2.50\pic\dat\20240725155939_en.msgs \
  -cn -h+dist/default/debug\I2Ctest.X.debug.sym \
  --cmf=dist/default/debug\I2Ctest.X.debug.cmf -z -Q18F47Q10 \
  -oC:\Users\3yuut\AppData\Local\Temp\xcAstes.\driver_tmp_3.o \
  --defsym=__MPLAB_BUILD=1 --fixupoverflow=error \
  -Mdist/default/debug/I2Ctest.X.debug.map \
  --md=C:\Users\3yuut\AppData\Local\Temp\xcAstes.\driver_tmp_0.dat -E1 \
  -ver=XC8 Compiler --acfsm=1493 -ACODE=00h-01FFFFh -ACONST=00h-01FFFFh \
  -ASMALLCONST=01000h-010FFhx496 \
  -AMEDIUMCONST=01000h-0FFFFh,011000h-01FFFFh -ACOMRAM=01h-05Fh \
  -AABS1=00h-0CFFh,0E00h-0E1Eh -ABIGRAM=01h-0CFFh,0E00h-0E1Eh \
  -ARAM=060h-0FFh,0100h-01FFhx12,0E00h-0E1Eh -ABANK0=060h-0FFh \
  -ABANK1=0100h-01FFh -ABANK2=0200h-02FFh -ABANK3=0300h-03FFh \
  -ABANK4=0400h-04FFh -ABANK5=0500h-05FFh -ABANK6=0600h-06FFh \
  -ABANK7=0700h-07FFh -ABANK8=0800h-08FFh -ABANK9=0900h-09FFh \
  -ABANK10=0A00h-0AFFh -ABANK11=0B00h-0BFFh -ABANK12=0C00h-0CFFh \
  -ABANK14=0E00h-0E1Eh \
  -ASFR=0D00h-0DFFh,0E1Fh-0EFFh,0F00h-0F5Fh,0F60h-0FFFh \
  -ABIGSFR=0D00h-0DFFh,0E1Fh-0FFFh -ACONFIG=0300000h-030000Bh \
  -AIDLOC=0200000h-02000FFh -AEEDATA=0310000h-03103FFh -peeprom_data=EEDATA \
  -preset_vec=00h,intcode,sivt_hi,intcodelo,sivt_lo,powerup,init \
  -pramtop=01000h -psmallconst=SMALLCONST -pmediumconst=MEDIUMCONST \
  -pconst=CONST -AFARRAM=00h-00h \
  -prdata=COMRAM,nvrram=COMRAM,nvbit=COMRAM,rbss=COMRAM,rbit=COMRAM \
  -pfarbss=FARRAM,fardata=FARRAM,nvFARRAM=FARRAM \
  -pintsave_regs=BIGRAM,bigbss=BIGRAM,bigdata=BIGRAM -pbss=RAM \
  -pidata=CODE,irdata=CODE,ibigdata=CODE,ifardata=CODE -prparam=COMRAM \
  C:\Users\3yuut\AppData\Local\Temp\xcAstes.\driver_tmp_14.o \
  dist/default/debug\I2Ctest.X.debug.o 

Object code version is 3.11

Machine type is 18F47Q10



                Name                               Link     Load   Length Selector   Space Scale
C:\Users\3yuut\AppData\Local\Temp\xcAstes.\driver_tmp_14.o
                config                           300000   300000        C        0       4
                init                                  2        2        4        0       0
                reset_vec                             0        0        2        0       0
dist/default/debug\I2Ctest.X.debug.o
                config                           300000   300000        C        0       4
                smallconst                         1000     1000       BE      800       0
                text57                             2238     2238        A      85F       0
                text56                             2066     2066       28      85F       0
                text55                             2296     2296        4     1141       0
                text54                             222E     222E        A      85F       0
                text53                             1F7C     1F7C       44      85F       0
                text52                             21A6     21A6       12      85F       0
                text51                             20D2     20D2       22      85F       0
                text50                             20B0     20B0       22      85F       0
                text49                             2000     2000       3E      85F       0
                text48                             2192     2192       14      85F       0
                text47                             21D4     21D4        E      85F       0
                text46                             21C6     21C6        E      85F       0
                text45                             21B8     21B8        E      85F       0
                text44                             1F36     1F36       46      85F       0
                text43                             1C4A     1C4A       90      85F       0
                text42                             212C     212C       16      85F       0
                text41                             10BE     10BE      426      85F       0
                text40                             1910     1910      1B4      85F       0
                text39                             2276     2276        6      85F       0
                text38                             2270     2270        6      85F       0
                text37                             226A     226A        6      85F       0
                text36                             2264     2264        6      85F       0
                text35                             208E     208E       22      85F       0
                text34                             2292     2292        4     1141       0
                text33                             225E     225E        6      85F       0
                text32                             228E     228E        4     1141       0
                text31                             217E     217E       14      85F       0
                text30                             2258     2258        6      85F       0
                text29                             228A     228A        4     1141       0
                text28                             2286     2286        4     1141       0
                text27                             224A     224A        8      85F       0
                text26                             2282     2282        4     1141       0
                text25                             1DC4     1DC4       56      85F       0
                text24                             2252     2252        6      85F       0
                text23                             21FA     21FA        C      85F       0
                text22                             21EE     21EE        C      85F       0
                text21                             1D50     1D50       74      85F       0
                text20                             2224     2224        A      85F       0
                text19                             221A     221A        A      85F       0
                text18                             21E2     21E2        C      85F       0
                text17                             2210     2210        A      85F       0
                text16                             1EF0     1EF0       46      85F       0
                text15                             216A     216A       14      85F       0
                text14                             2156     2156       14      85F       0
                text13                             2142     2142       14      85F       0
                text12                             1B8E     1B8E       BC      85F       0
                text11                             1FC0     1FC0       40      85F       0
                text10                             2206     2206        A      85F       0
                text9                              1EAA     1EAA       46      85F       0
                text8                              203E     203E       28      85F       0
                text7                              2242     2242        8      85F       0
                text6                              20F4     20F4       1E      85F       0
                text5                              1AC4     1AC4       CA      85F       0
                text4                              1CDA     1CDA       76      85F       0
                text3                              1E64     1E64       46      85F       0
                text2                              2112     2112       1A      85F       0
                text1                              14E4     14E4      242      85F       0
                text0                              1726     1726      1EA      85F       0
                cstackCOMRAM                         30       30       2A        1       1
                bssBANK1                            100      100       80      100       1
                bssBANK0                             60       60       A0       60       1
                dataCOMRAM                           5A       5A        5        1       1
                bssCOMRAM                             1        1       2F        1       1
                cinit                              1E1A     1E1A       4A      85F       0
                idataCOMRAM                        227C     227C        5      85F       0

TOTAL           Name                               Link     Load   Length     Space
        CLASS   CODE           
                init                                  2        2        4         0
                reset_vec                             0        0        2         0
                text57                             2238     2238        A         0
                text56                             2066     2066       28         0
                text55                             2296     2296        4         0
                text54                             222E     222E        A         0
                text53                             1F7C     1F7C       44         0
                text52                             21A6     21A6       12         0
                text51                             20D2     20D2       22         0
                text50                             20B0     20B0       22         0
                text49                             2000     2000       3E         0
                text48                             2192     2192       14         0
                text47                             21D4     21D4        E         0
                text46                             21C6     21C6        E         0
                text45                             21B8     21B8        E         0
                text44                             1F36     1F36       46         0
                text43                             1C4A     1C4A       90         0
                text42                             212C     212C       16         0
                text41                             10BE     10BE      426         0
                text40                             1910     1910      1B4         0
                text39                             2276     2276        6         0
                text38                             2270     2270        6         0
                text37                             226A     226A        6         0
                text36                             2264     2264        6         0
                text35                             208E     208E       22         0
                text34                             2292     2292        4         0
                text33                             225E     225E        6         0
                text32                             228E     228E        4         0
                text31                             217E     217E       14         0
                text30                             2258     2258        6         0
                text29                             228A     228A        4         0
                text28                             2286     2286        4         0
                text27                             224A     224A        8         0
                text26                             2282     2282        4         0
                text25                             1DC4     1DC4       56         0
                text24                             2252     2252        6         0
                text23                             21FA     21FA        C         0
                text22                             21EE     21EE        C         0
                text21                             1D50     1D50       74         0
                text20                             2224     2224        A         0
                text19                             221A     221A        A         0
                text18                             21E2     21E2        C         0
                text17                             2210     2210        A         0
                text16                             1EF0     1EF0       46         0
                text15                             216A     216A       14         0
                text14                             2156     2156       14         0
                text13                             2142     2142       14         0
                text12                             1B8E     1B8E       BC         0
                text11                             1FC0     1FC0       40         0
                text10                             2206     2206        A         0
                text9                              1EAA     1EAA       46         0
                text8                              203E     203E       28         0
                text7                              2242     2242        8         0
                text6                              20F4     20F4       1E         0
                text5                              1AC4     1AC4       CA         0
                text4                              1CDA     1CDA       76         0
                text3                              1E64     1E64       46         0
                text2                              2112     2112       1A         0
                text1                              14E4     14E4      242         0
                text0                              1726     1726      1EA         0
                cinit                              1E1A     1E1A       4A         0
                idataCOMRAM                        227C     227C        5         0

        CLASS   CONST          

        CLASS   SMALLCONST     
                smallconst                         1000     1000       BE         0

        CLASS   MEDIUMCONST    

        CLASS   COMRAM         
                cstackCOMRAM                         30       30       2A         1
                dataCOMRAM                           5A       5A        5         1
                bssCOMRAM                             1        1       2F         1

        CLASS   ABS1           

        CLASS   BIGRAM         

        CLASS   RAM            

        CLASS   BANK0          
                bssBANK0                             60       60       A0         1

        CLASS   BANK1          
                bssBANK1                            100      100       80         1

        CLASS   BANK2          

        CLASS   BANK3          

        CLASS   BANK4          

        CLASS   BANK5          

        CLASS   BANK6          

        CLASS   BANK7          

        CLASS   BANK8          

        CLASS   BANK9          

        CLASS   BANK10         

        CLASS   BANK11         

        CLASS   BANK12         

        CLASS   BANK14         

        CLASS   SFR            

        CLASS   BIGSFR         

        CLASS   CONFIG         
                config                           300000   300000        C         4

        CLASS   IDLOC          

        CLASS   EEDATA         

        CLASS   FARRAM         

        CLASS   HEAP           

        CLASS   STACK          



SEGMENTS        Name                           Load    Length   Top    Selector   Space  Class

                reset_vec                      000000  000006  000006         0       0  CODE    
                bssCOMRAM                      000001  00005E  00005F         1       1  COMRAM  
                bssBANK0                       000060  0000A0  000100        60       1  BANK0   
                bssBANK1                       000100  000080  000180       100       1  BANK1   
                smallconst                     001000  0000BE  0010BE       800       0  SMALLCON
                text41                         0010BE  0011C3  002281       85F       0  CODE    
                text26                         002282  000018  00229A      1141       0  CODE    


UNUSED ADDRESS RANGES

        Name                Unused          Largest block    Delta
        BANK1            000180-0001FF               80
        BANK10           000A00-000AFF              100
        BANK11           000B00-000BFF              100
        BANK12           000C00-000CFF              100
        BANK14           000E00-000E1E               1F
        BANK2            000200-0002FF              100
        BANK3            000300-0003FF              100
        BANK4            000400-0004FF              100
        BANK5            000500-0005FF              100
        BANK6            000600-0006FF              100
        BANK7            000700-0007FF              100
        BANK8            000800-0008FF              100
        BANK9            000900-0009FF              100
        BIGRAM           00005F-00005F                1
                         000180-000CFF              B80
                         000E00-000E1E               1F
        BIGSFR           000D00-000DFF              100
                         000E1F-000FFF              1E1
        CODE             000006-000FFF              FFA
                         002281-002281                1
                         00229A-01FFFF            1DD66
        COMRAM           00005F-00005F                1
        CONST            000006-000FFF              FFA
                         002281-002281                1
                         00229A-01FFFF            1DD66
        EEDATA           310000-3103FF              400
        IDLOC            200000-2000FF              100
        MEDIUMCONST      002281-002281                1
                         00229A-00FFFF             DD66
                         011000-01FFFF             F000
        RAM              000180-000CFF              100
                         000E00-000E1E               1F
        SFR              000D00-000DFF              100
                         000E1F-000FFF               E1
        SMALLCONST       002281-002281                1
                         00229A-01FFFF              100

                                  Symbol Table

?___flmul                                            cstackCOMRAM 00003E
?___xxtofl                                           cstackCOMRAM 000030
?_printf                                             cstackCOMRAM 000044
?_vfprintf                                           cstackCOMRAM 00003F
EUSART1_FramingErrorCallbackRegister@callbackHandler cstackCOMRAM 000030
EUSART1_OverrunErrorCallbackRegister@callbackHandler cstackCOMRAM 000030
EUSART1_Write@txData                                 cstackCOMRAM 000030
I2C1_DataTransmit@data                               cstackCOMRAM 000030
I2C1_EVENT_ERROR@retEventState                       cstackCOMRAM 000030
I2C1_EVENT_NACK@retEventState                        cstackCOMRAM 000030
I2C1_EVENT_RX@retEventState                          cstackCOMRAM 000030
I2C1_EVENT_TX@retEventState                          cstackCOMRAM 000031
I2C1_ErrorGet@retErrorState                          cstackCOMRAM 000030
I2C1_Read@address                                    cstackCOMRAM 000031
I2C1_Read@data                                       cstackCOMRAM 000033
I2C1_Read@dataLength                                 cstackCOMRAM 000035
I2C1_Write@address                                   cstackCOMRAM 000031
I2C1_Write@data                                      cstackCOMRAM 000033
I2C1_Write@dataLength                                cstackCOMRAM 000034
INT0_SetInterruptHandler@InterruptHandler            cstackCOMRAM 000030
INT1_SetInterruptHandler@InterruptHandler            cstackCOMRAM 000030
INT2_SetInterruptHandler@InterruptHandler            cstackCOMRAM 000030
_ANSELA                                              (abs)        000F0C
_ANSELB                                              (abs)        000F14
_ANSELC                                              (abs)        000F1C
_ANSELD                                              (abs)        000F21
_ANSELE                                              (abs)        000F29
_BAUD1CON                                            (abs)        000F9E
_BAUD1CONbits                                        (abs)        000F9E
_CLOCK_Initialize                                    text52       0021A6
_EUSART1_AutoBaudQuery                               (abs)        000000
_EUSART1_AutoBaudSet                                 (abs)        000000
_EUSART1_DefaultFramingErrorCallback                 (abs)        000000
_EUSART1_DefaultOverrunErrorCallback                 (abs)        000000
_EUSART1_Deinitialize                                (abs)        000000
_EUSART1_ErrorGet                                    (abs)        000000
_EUSART1_FramingErrorCallbackRegister                text51       0020D2
_EUSART1_FramingErrorHandler                         bssCOMRAM    000015
_EUSART1_Initialize                                  text49       002000
_EUSART1_IsRxReady                                   (abs)        000000
_EUSART1_IsTxDone                                    (abs)        000000
_EUSART1_IsTxReady                                   text8        00203E
_EUSART1_IsTxReady$1434                              cstackCOMRAM 000030
_EUSART1_OverrunErrorCallbackRegister                text50       0020B0
_EUSART1_OverrunErrorHandler                         bssCOMRAM    000012
_EUSART1_Read                                        (abs)        000000
_EUSART1_TransmitDisable                             (abs)        000000
_EUSART1_TransmitEnable                              (abs)        000000
_EUSART1_Write                                       text7        002242
_I2C                                                 dataCOMRAM   00005E
_I2C1_AckSend                                        text33       00225E
_I2C1_BusReset                                       text39       002276
_I2C1_Callback                                       bssCOMRAM    000021
_I2C1_CallbackRegister                               (abs)        000000
_I2C1_Close                                          text35       00208E
_I2C1_DataReceive                                    text32       00228E
_I2C1_DataTransmit                                   text27       00224A
_I2C1_Deinitialize                                   (abs)        000000
_I2C1_EVENT_ERROR                                    text19       00221A
_I2C1_EVENT_IDLE                                     text24       002252
_I2C1_EVENT_NACK                                     text20       002224
_I2C1_EVENT_RESET                                    text17       002210
_I2C1_EVENT_RX                                       text21       001D50
_I2C1_EVENT_SEND_RD_ADDR                             text23       0021FA
_I2C1_EVENT_SEND_WR_ADDR                             text22       0021EE
_I2C1_EVENT_STOP                                     text18       0021E2
_I2C1_EVENT_TX                                       text25       001DC4
_I2C1_ErrorEventHandler                              text16       001EF0
_I2C1_ErrorGet                                       text57       002238
_I2C1_ErrorInterruptClear                            text38       002270
_I2C1_EventHandler                                   text12       001B8E
_I2C1_Host                                           smallconst   001065
_I2C1_Initialize                                     text48       002192
_I2C1_InterruptClear                                 text37       00226A
_I2C1_IsAddr                                         text15       00216A
_I2C1_IsBusy                                         text56       002066
_I2C1_IsBusy$781                                     cstackCOMRAM 000030
_I2C1_IsData                                         text14       002156
_I2C1_IsNack                                         text13       002142
_I2C1_IsRxBufFull                                    text31       00217E
_I2C1_NackSend                                       text30       002258
_I2C1_Read                                           text53       001F7C
_I2C1_ReadStart                                      text54       00222E
_I2C1_ReceiveEnable                                  text29       00228A
_I2C1_RestartDisable                                 text28       002286
_I2C1_RestartEnable                                  text26       002282
_I2C1_StartSend                                      text55       002296
_I2C1_StatusFlagsClear                               text36       002264
_I2C1_StopSend                                       text34       002292
_I2C1_Tasks                                          text11       001FC0
_I2C1_Write                                          text9        001EAA
_I2C1_WriteRead                                      (abs)        000000
_I2C1_WriteStart                                     text10       002206
_INLVLA                                              (abs)        000F08
_INLVLB                                              (abs)        000F10
_INLVLC                                              (abs)        000F18
_INLVLD                                              (abs)        000F1D
_INLVLE                                              (abs)        000F25
_INT0_DefaultInterruptHandler                        (abs)        000000
_INT0_InterruptHandler                               bssCOMRAM    00001E
_INT0_SetInterruptHandler                            text47       0021D4
_INT1_DefaultInterruptHandler                        (abs)        000000
_INT1_InterruptHandler                               bssCOMRAM    00001B
_INT1_SetInterruptHandler                            text46       0021C6
_INT2_DefaultInterruptHandler                        (abs)        000000
_INT2_InterruptHandler                               bssCOMRAM    000018
_INT2_SetInterruptHandler                            text45       0021B8
_INTCONbits                                          (abs)        000FF2
_INTERRUPT_Initialize                                text44       001F36
_IOCAF                                               (abs)        000F05
_IOCAN                                               (abs)        000F06
_IOCAP                                               (abs)        000F07
_IOCBF                                               (abs)        000F0D
_IOCBN                                               (abs)        000F0E
_IOCBP                                               (abs)        000F0F
_IOCCF                                               (abs)        000F15
_IOCCN                                               (abs)        000F16
_IOCCP                                               (abs)        000F17
_IOCEF                                               (abs)        000F22
_IOCEN                                               (abs)        000F23
_IOCEP                                               (abs)        000F24
_LATA                                                (abs)        000F82
_LATB                                                (abs)        000F83
_LATC                                                (abs)        000F84
_LATD                                                (abs)        000F85
_LATDbits                                            (abs)        000F85
_LATE                                                (abs)        000F86
_ODCONA                                              (abs)        000F0A
_ODCONB                                              (abs)        000F12
_ODCONC                                              (abs)        000F1A
_ODCOND                                              (abs)        000F1F
_ODCONE                                              (abs)        000F27
_OSCCON1                                             (abs)        000ED3
_OSCCON3                                             (abs)        000ED5
_OSCEN                                               (abs)        000ED7
_OSCFRQ                                              (abs)        000ED9
_OSCTUNE                                             (abs)        000ED8
_PIN_MANAGER_Initialize                              text43       001C4A
_PIR0bits                                            (abs)        000EC5
_PIR3bits                                            (abs)        000EC8
_RC1REG                                              (abs)        000F98
_RC1STA                                              (abs)        000F9C
_RC1STAbits                                          (abs)        000F9C
_RC3PPS                                              (abs)        000EF5
_RC4PPS                                              (abs)        000EF6
_RC6PPS                                              (abs)        000EF8
_RX1PPS                                              (abs)        000EB0
_SLRCONA                                             (abs)        000F09
_SLRCONB                                             (abs)        000F11
_SLRCONC                                             (abs)        000F19
_SLRCOND                                             (abs)        000F1E
_SLRCONE                                             (abs)        000F26
_SP1BRGH                                             (abs)        000F9B
_SP1BRGL                                             (abs)        000F9A
_SSP1ADD                                             (abs)        000F92
_SSP1BUF                                             (abs)        000F91
_SSP1CLKPPS                                          (abs)        000EB2
_SSP1CON1                                            (abs)        000F95
_SSP1CON1bits                                        (abs)        000F95
_SSP1CON2                                            (abs)        000F96
_SSP1CON2bits                                        (abs)        000F96
_SSP1CON3                                            (abs)        000F97
_SSP1DATPPS                                          (abs)        000EB3
_SSP1STAT                                            (abs)        000F94
_SSP1STATbits                                        (abs)        000F94
_SYSTEM_Initialize                                   text42       00212C
_TRISA                                               (abs)        000F87
_TRISB                                               (abs)        000F88
_TRISC                                               (abs)        000F89
_TRISD                                               (abs)        000F8A
_TRISE                                               (abs)        000F8B
_TX1REG                                              (abs)        000F99
_TX1STA                                              (abs)        000F9D
_TX1STAbits                                          (abs)        000F9D
_UART1                                               smallconst   001001
_WPUA                                                (abs)        000F0B
_WPUB                                                (abs)        000F13
_WPUC                                                (abs)        000F1B
_WPUD                                                (abs)        000F20
_WPUE                                                (abs)        000F28
__HRAM                                               (abs)        000000
__H__absolute__                                      __absolute__ 000000
__Habs1                                              abs1         000000
__Hbank0                                             bank0        000000
__Hbank1                                             bank1        000000
__Hbank10                                            bank10       000000
__Hbank11                                            bank11       000000
__Hbank12                                            bank12       000000
__Hbank14                                            bank14       000000
__Hbank2                                             bank2        000000
__Hbank3                                             bank3        000000
__Hbank4                                             bank4        000000
__Hbank5                                             bank5        000000
__Hbank6                                             bank6        000000
__Hbank7                                             bank7        000000
__Hbank8                                             bank8        000000
__Hbank9                                             bank9        000000
__Hbigbss                                            bigbss       000000
__Hbigdata                                           bigdata      000000
__Hbigram                                            bigram       000000
__Hbigsfr                                            bigsfr       000000
__Hbss                                               bss          000000
__HbssBANK0                                          bssBANK0     000000
__HbssBANK1                                          bssBANK1     000000
__HbssCOMRAM                                         bssCOMRAM    000000
__Hcinit                                             cinit        000000
__Hclrtext                                           clrtext      000000
__Hcomram                                            comram       000000
__Hconfig                                            config       30000C
__Hconst                                             const        000000
__HcstackCOMRAM                                      cstackCOMRAM 000000
__Hdata                                              data         000000
__HdataCOMRAM                                        dataCOMRAM   000000
__Heeprom_data                                       eeprom_data  000000
__Hfarbss                                            farbss       000000
__Hfardata                                           fardata      000000
__Hheap                                              heap         000000
__Hibigdata                                          ibigdata     000000
__Hidata                                             idata        000000
__HidataCOMRAM                                       idataCOMRAM  000000
__Hidloc                                             idloc        000000
__Hifardata                                          ifardata     000000
__Hinit                                              init         000006
__Hintcode                                           intcode      000002
__Hintcode_body                                      intcode_body 000000
__Hintcodelo                                         intcodelo    000002
__Hintentry                                          intentry     000000
__Hintret                                            intret       000000
__Hintsave_regs                                      intsave_regs 000000
__Hirdata                                            irdata       000000
__Hmediumconst                                       mediumconst  000000
__HnvFARRAM                                          nvFARRAM     000000
__Hnvbit                                             nvbit        000000
__Hnvrram                                            nvrram       000000
__Hparam                                             rparam       000000
__Hpowerup                                           powerup      000002
__Hram                                               ram          000000
__Hramtop                                            ramtop       001000
__Hrbit                                              rbit         000000
__Hrbss                                              rbss         000000
__Hrdata                                             rdata        000000
__Hreset_vec                                         reset_vec    000002
__Hrparam                                            rparam       000000
__Hsfr                                               sfr          000000
__Hsivt_hi                                           sivt_hi      000002
__Hsivt_lo                                           sivt_lo      000002
__Hsmallconst                                        smallconst   0010BE
__Hspace_0                                           (abs)        00229A
__Hspace_1                                           (abs)        000180
__Hspace_2                                           (abs)        000000
__Hspace_4                                           (abs)        60000C
__Hstack                                             stack        000000
__Hstruct                                            struct       000000
__Htemp                                              temp         000000
__Htext                                              text         000000
__Htext0                                             text0        000000
__Htext1                                             text1        000000
__Htext10                                            text10       000000
__Htext11                                            text11       000000
__Htext12                                            text12       000000
__Htext13                                            text13       000000
__Htext14                                            text14       000000
__Htext15                                            text15       000000
__Htext16                                            text16       000000
__Htext17                                            text17       000000
__Htext18                                            text18       000000
__Htext19                                            text19       000000
__Htext2                                             text2        000000
__Htext20                                            text20       000000
__Htext21                                            text21       000000
__Htext22                                            text22       000000
__Htext23                                            text23       000000
__Htext24                                            text24       000000
__Htext25                                            text25       000000
__Htext26                                            text26       000000
__Htext27                                            text27       000000
__Htext28                                            text28       000000
__Htext29                                            text29       000000
__Htext3                                             text3        000000
__Htext30                                            text30       000000
__Htext31                                            text31       000000
__Htext32                                            text32       000000
__Htext33                                            text33       000000
__Htext34                                            text34       000000
__Htext35                                            text35       000000
__Htext36                                            text36       000000
__Htext37                                            text37       000000
__Htext38                                            text38       000000
__Htext39                                            text39       000000
__Htext4                                             text4        000000
__Htext40                                            text40       000000
__Htext41                                            text41       000000
__Htext42                                            text42       000000
__Htext43                                            text43       000000
__Htext44                                            text44       000000
__Htext45                                            text45       000000
__Htext46                                            text46       000000
__Htext47                                            text47       000000
__Htext48                                            text48       000000
__Htext49                                            text49       000000
__Htext5                                             text5        000000
__Htext50                                            text50       000000
__Htext51                                            text51       000000
__Htext52                                            text52       000000
__Htext53                                            text53       000000
__Htext54                                            text54       000000
__Htext55                                            text55       000000
__Htext56                                            text56       000000
__Htext57                                            text57       000000
__Htext6                                             text6        000000
__Htext7                                             text7        000000
__Htext8                                             text8        000000
__Htext9                                             text9        000000
__LRAM                                               (abs)        000001
__L__absolute__                                      __absolute__ 000000
__Labs1                                              abs1         000000
__Lbank0                                             bank0        000000
__Lbank1                                             bank1        000000
__Lbank10                                            bank10       000000
__Lbank11                                            bank11       000000
__Lbank12                                            bank12       000000
__Lbank14                                            bank14       000000
__Lbank2                                             bank2        000000
__Lbank3                                             bank3        000000
__Lbank4                                             bank4        000000
__Lbank5                                             bank5        000000
__Lbank6                                             bank6        000000
__Lbank7                                             bank7        000000
__Lbank8                                             bank8        000000
__Lbank9                                             bank9        000000
__Lbigbss                                            bigbss       000000
__Lbigdata                                           bigdata      000000
__Lbigram                                            bigram       000000
__Lbigsfr                                            bigsfr       000000
__Lbss                                               bss          000000
__LbssBANK0                                          bssBANK0     000000
__LbssBANK1                                          bssBANK1     000000
__LbssCOMRAM                                         bssCOMRAM    000000
__Lcinit                                             cinit        000000
__Lclrtext                                           clrtext      000000
__Lcomram                                            comram       000000
__Lconfig                                            config       000000
__Lconst                                             const        000000
__LcstackCOMRAM                                      cstackCOMRAM 000000
__Ldata                                              data         000000
__LdataCOMRAM                                        dataCOMRAM   000000
__Leeprom_data                                       eeprom_data  000000
__Lfarbss                                            farbss       000000
__Lfardata                                           fardata      000000
__Lheap                                              heap         000000
__Libigdata                                          ibigdata     000000
__Lidata                                             idata        000000
__LidataCOMRAM                                       idataCOMRAM  000000
__Lidloc                                             idloc        000000
__Lifardata                                          ifardata     000000
__Linit                                              init         000002
__Lintcode                                           intcode      000002
__Lintcode_body                                      intcode_body 000000
__Lintcodelo                                         intcodelo    000002
__Lintentry                                          intentry     000000
__Lintret                                            intret       000000
__Lintsave_regs                                      intsave_regs 000000
__Lirdata                                            irdata       000000
__Lmediumconst                                       mediumconst  000000
__LnvFARRAM                                          nvFARRAM     000000
__Lnvbit                                             nvbit        000000
__Lnvrram                                            nvrram       000000
__Lparam                                             rparam       000000
__Lpowerup                                           powerup      000002
__Lram                                               ram          000000
__Lramtop                                            ramtop       001000
__Lrbit                                              rbit         000000
__Lrbss                                              rbss         000000
__Lrdata                                             rdata        000000
__Lreset_vec                                         reset_vec    000000
__Lrparam                                            rparam       000000
__Lsfr                                               sfr          000000
__Lsivt_hi                                           sivt_hi      000002
__Lsivt_lo                                           sivt_lo      000002
__Lsmallconst                                        smallconst   001000
__Lspace_0                                           (abs)        000000
__Lspace_1                                           (abs)        000000
__Lspace_2                                           (abs)        000000
__Lspace_4                                           (abs)        000000
__Lstack                                             stack        000000
__Lstruct                                            struct       000000
__Ltemp                                              temp         000000
__Ltext                                              text         000000
__Ltext0                                             text0        000000
__Ltext1                                             text1        000000
__Ltext10                                            text10       000000
__Ltext11                                            text11       000000
__Ltext12                                            text12       000000
__Ltext13                                            text13       000000
__Ltext14                                            text14       000000
__Ltext15                                            text15       000000
__Ltext16                                            text16       000000
__Ltext17                                            text17       000000
__Ltext18                                            text18       000000
__Ltext19                                            text19       000000
__Ltext2                                             text2        000000
__Ltext20                                            text20       000000
__Ltext21                                            text21       000000
__Ltext22                                            text22       000000
__Ltext23                                            text23       000000
__Ltext24                                            text24       000000
__Ltext25                                            text25       000000
__Ltext26                                            text26       000000
__Ltext27                                            text27       000000
__Ltext28                                            text28       000000
__Ltext29                                            text29       000000
__Ltext3                                             text3        000000
__Ltext30                                            text30       000000
__Ltext31                                            text31       000000
__Ltext32                                            text32       000000
__Ltext33                                            text33       000000
__Ltext34                                            text34       000000
__Ltext35                                            text35       000000
__Ltext36                                            text36       000000
__Ltext37                                            text37       000000
__Ltext38                                            text38       000000
__Ltext39                                            text39       000000
__Ltext4                                             text4        000000
__Ltext40                                            text40       000000
__Ltext41                                            text41       000000
__Ltext42                                            text42       000000
__Ltext43                                            text43       000000
__Ltext44                                            text44       000000
__Ltext45                                            text45       000000
__Ltext46                                            text46       000000
__Ltext47                                            text47       000000
__Ltext48                                            text48       000000
__Ltext49                                            text49       000000
__Ltext5                                             text5        000000
__Ltext50                                            text50       000000
__Ltext51                                            text51       000000
__Ltext52                                            text52       000000
__Ltext53                                            text53       000000
__Ltext54                                            text54       000000
__Ltext55                                            text55       000000
__Ltext56                                            text56       000000
__Ltext57                                            text57       000000
__Ltext6                                             text6        000000
__Ltext7                                             text7        000000
__Ltext8                                             text8        000000
__Ltext9                                             text9        000000
__S0                                                 (abs)        00229A
__S1                                                 (abs)        000180
__S4                                                 (abs)        000000
__S5                                                 (abs)        000000
___flmul                                             text41       0010BE
___flmul@a                                           cstackCOMRAM 000042
___flmul@aexp                                        cstackCOMRAM 00004F
___flmul@b                                           cstackCOMRAM 00003E
___flmul@bexp                                        cstackCOMRAM 000050
___flmul@grs                                         cstackCOMRAM 00004B
___flmul@prod                                        cstackCOMRAM 000051
___flmul@sign                                        cstackCOMRAM 00004A
___flmul@temp                                        cstackCOMRAM 000055
___heap_hi                                           (abs)        000000
___heap_lo                                           (abs)        000000
___inthi_sp                                          stack        000000
___inthi_stack_hi                                    stack        000000
___inthi_stack_lo                                    stack        000000
___intlo_sp                                          stack        000000
___intlo_stack_hi                                    stack        000000
___intlo_stack_lo                                    stack        000000
___param_bank                                        (abs)        000000
___rparam_used                                       (abs)        000001
___sp                                                stack        000000
___stack_hi                                          stack        000000
___stack_lo                                          stack        000000
___xxtofl                                            text40       001910
___xxtofl@arg                                        cstackCOMRAM 00003A
___xxtofl@exp                                        cstackCOMRAM 000039
___xxtofl@sign                                       cstackCOMRAM 000038
___xxtofl@val                                        cstackCOMRAM 000030
__accesstop                                          (abs)        000060
__activetblptr                                       (abs)        000003
__end_of_CLOCK_Initialize                            text52       0021B8
__end_of_EUSART1_FramingErrorCallbackRegister        text51       0020F4
__end_of_EUSART1_Initialize                          text49       00203E
__end_of_EUSART1_IsTxReady                           text8        002066
__end_of_EUSART1_OverrunErrorCallbackRegister        text50       0020D2
__end_of_EUSART1_Write                               text7        00224A
__end_of_I2C1_AckSend                                text33       002264
__end_of_I2C1_BusReset                               text39       00227C
__end_of_I2C1_Close                                  text35       0020B0
__end_of_I2C1_DataReceive                            text32       002292
__end_of_I2C1_DataTransmit                           text27       002252
__end_of_I2C1_EVENT_ERROR                            text19       002224
__end_of_I2C1_EVENT_IDLE                             text24       002258
__end_of_I2C1_EVENT_NACK                             text20       00222E
__end_of_I2C1_EVENT_RESET                            text17       00221A
__end_of_I2C1_EVENT_RX                               text21       001DC4
__end_of_I2C1_EVENT_SEND_RD_ADDR                     text23       002206
__end_of_I2C1_EVENT_SEND_WR_ADDR                     text22       0021FA
__end_of_I2C1_EVENT_STOP                             text18       0021EE
__end_of_I2C1_EVENT_TX                               text25       001E1A
__end_of_I2C1_ErrorEventHandler                      text16       001F36
__end_of_I2C1_ErrorGet                               text57       002242
__end_of_I2C1_ErrorInterruptClear                    text38       002276
__end_of_I2C1_EventHandler                           text12       001C4A
__end_of_I2C1_Host                                   smallconst   001083
__end_of_I2C1_Initialize                             text48       0021A6
__end_of_I2C1_InterruptClear                         text37       002270
__end_of_I2C1_IsAddr                                 text15       00217E
__end_of_I2C1_IsBusy                                 text56       00208E
__end_of_I2C1_IsData                                 text14       00216A
__end_of_I2C1_IsNack                                 text13       002156
__end_of_I2C1_IsRxBufFull                            text31       002192
__end_of_I2C1_NackSend                               text30       00225E
__end_of_I2C1_Read                                   text53       001FC0
__end_of_I2C1_ReadStart                              text54       002238
__end_of_I2C1_ReceiveEnable                          text29       00228E
__end_of_I2C1_RestartDisable                         text28       00228A
__end_of_I2C1_RestartEnable                          text26       002286
__end_of_I2C1_StartSend                              text55       00229A
__end_of_I2C1_StatusFlagsClear                       text36       00226A
__end_of_I2C1_StopSend                               text34       002296
__end_of_I2C1_Tasks                                  text11       002000
__end_of_I2C1_Write                                  text9        001EF0
__end_of_I2C1_WriteStart                             text10       002210
__end_of_INT0_SetInterruptHandler                    text47       0021E2
__end_of_INT1_SetInterruptHandler                    text46       0021D4
__end_of_INT2_SetInterruptHandler                    text45       0021C6
__end_of_INTERRUPT_Initialize                        text44       001F7C
__end_of_PIN_MANAGER_Initialize                      text43       001CDA
__end_of_SYSTEM_Initialize                           text42       002142
__end_of_UART1                                       smallconst   001049
__end_of___flmul                                     text41       0014E4
__end_of___xxtofl                                    text40       001AC4
__end_of__initialization                             cinit        001E5E
__end_of_fputc                                       text5        001B8E
__end_of_i2c1_eventTable                             smallconst   001064
__end_of_initLM75B                                   text1        001726
__end_of_main                                        text0        001910
__end_of_osPin                                       smallconst   001065
__end_of_printf                                      text2        00212C
__end_of_putch                                       text6        002112
__end_of_thyst                                       smallconst   001087
__end_of_tos                                         smallconst   00108B
__end_of_vfpfcnvrt                                   text4        001D50
__end_of_vfprintf                                    text3        001EAA
__initialization                                     cinit        001E1A
__mediumconst                                        mediumconst  000000
__pbssBANK0                                          bssBANK0     000060
__pbssBANK1                                          bssBANK1     000100
__pbssCOMRAM                                         bssCOMRAM    000001
__pcinit                                             cinit        001E1A
__pcstackCOMRAM                                      cstackCOMRAM 000030
__pdataCOMRAM                                        dataCOMRAM   00005A
__pidataCOMRAM                                       idataCOMRAM  00227C
__psmallconst                                        smallconst   001000
__ptext0                                             text0        001726
__ptext1                                             text1        0014E4
__ptext10                                            text10       002206
__ptext11                                            text11       001FC0
__ptext12                                            text12       001B8E
__ptext13                                            text13       002142
__ptext14                                            text14       002156
__ptext15                                            text15       00216A
__ptext16                                            text16       001EF0
__ptext17                                            text17       002210
__ptext18                                            text18       0021E2
__ptext19                                            text19       00221A
__ptext2                                             text2        002112
__ptext20                                            text20       002224
__ptext21                                            text21       001D50
__ptext22                                            text22       0021EE
__ptext23                                            text23       0021FA
__ptext24                                            text24       002252
__ptext25                                            text25       001DC4
__ptext26                                            text26       002282
__ptext27                                            text27       00224A
__ptext28                                            text28       002286
__ptext29                                            text29       00228A
__ptext3                                             text3        001E64
__ptext30                                            text30       002258
__ptext31                                            text31       00217E
__ptext32                                            text32       00228E
__ptext33                                            text33       00225E
__ptext34                                            text34       002292
__ptext35                                            text35       00208E
__ptext36                                            text36       002264
__ptext37                                            text37       00226A
__ptext38                                            text38       002270
__ptext39                                            text39       002276
__ptext4                                             text4        001CDA
__ptext40                                            text40       001910
__ptext41                                            text41       0010BE
__ptext42                                            text42       00212C
__ptext43                                            text43       001C4A
__ptext44                                            text44       001F36
__ptext45                                            text45       0021B8
__ptext46                                            text46       0021C6
__ptext47                                            text47       0021D4
__ptext48                                            text48       002192
__ptext49                                            text49       002000
__ptext5                                             text5        001AC4
__ptext50                                            text50       0020B0
__ptext51                                            text51       0020D2
__ptext52                                            text52       0021A6
__ptext53                                            text53       001F7C
__ptext54                                            text54       00222E
__ptext55                                            text55       002296
__ptext56                                            text56       002066
__ptext57                                            text57       002238
__ptext6                                             text6        0020F4
__ptext7                                             text7        002242
__ptext8                                             text8        00203E
__ptext9                                             text9        001EAA
__ramtop                                             ramtop       001000
__smallconst                                         smallconst   001000
_dataRead                                            bssBANK1     000100
_eusart1RxLastError                                  bssCOMRAM    00002A
_flags                                               bssCOMRAM    00002C
_fputc                                               text5        001AC4
_gb_didProceedData                                   bssCOMRAM    00002E
_i2c1Status                                          bssCOMRAM    000001
_i2c1_eventTable                                     smallconst   001049
_initLM75B                                           text1        0014E4
_loopCnt                                             bssCOMRAM    00002F
_main                                                text0        001726
_osPin                                               smallconst   001064
_prec                                                bssCOMRAM    000026
_printf                                              text2        002112
_putch                                               text6        0020F4
_sendBuf                                             bssBANK0     000080
_thyst_data                                          dataCOMRAM   00005A
_tos_data                                            dataCOMRAM   00005C
_vfpfcnvrt                                           text4        001CDA
_vfprintf                                            text3        001E64
_width                                               bssCOMRAM    000024
end_of_initialization                                cinit        001E5E
fputc@c                                              cstackCOMRAM 000032
fputc@fp                                             cstackCOMRAM 000034
intlevel0                                            text         000000
intlevel1                                            text         000000
intlevel2                                            text         000000
intlevel3                                            text         000000
isa$std                                              (abs)        000001
isa$xinst                                            (abs)        000000
main@er                                              bssCOMRAM    00002D
main@rawTempValue                                    bssCOMRAM    000028
main@tempCelsius                                     bssCOMRAM    00000E
printf@ap                                            cstackCOMRAM 000045
printf@fmt                                           cstackCOMRAM 000044
putch@txData                                         cstackCOMRAM 000031
stackhi                                              (abs)        000000
stacklo                                              (abs)        000000
start                                                init         000002
start_initialization                                 cinit        001E1A
vfpfcnvrt@ap                                         cstackCOMRAM 00003E
vfpfcnvrt@fmt                                        cstackCOMRAM 00003D
vfpfcnvrt@fp                                         cstackCOMRAM 00003B
vfprintf@ap                                          cstackCOMRAM 000042
vfprintf@cfmt                                        cstackCOMRAM 000043
vfprintf@fmt                                         cstackCOMRAM 000041
vfprintf@fp                                          cstackCOMRAM 00003F


MODULE INFORMATION

Module		Function		Class		Link	Load	Size
C:\Program Files\Microchip\xc8\v2.50\pic\sources\c99\common\sprcmul.c
		___flmul       		CODE           	10BE	0000	1062

C:\Program Files\Microchip\xc8\v2.50\pic\sources\c99\common\sprcmul.c estimated size: 1062

C:\Program Files\Microchip\xc8\v2.50\pic\sources\c99\common\printf.c
		_printf        		CODE           	2112	0000	26

C:\Program Files\Microchip\xc8\v2.50\pic\sources\c99\common\printf.c estimated size: 26

mcc_generated_files/system/src/interrupt.c
		_INT0_SetInterruptHandler		CODE           	21D4	0000	14
		_INT1_SetInterruptHandler		CODE           	21C6	0000	14
		_INT2_SetInterruptHandler		CODE           	21B8	0000	14
		_INTERRUPT_Initialize		CODE           	1F36	0000	70

mcc_generated_files/system/src/interrupt.c estimated size: 112

mcc_generated_files/i2c_host/src/mssp1.c
		_I2C1_Tasks    		CODE           	1FC0	0000	64
		_I2C1_EVENT_SEND_WR_ADDR		CODE           	21EE	0000	12
		_I2C1_Read     		CODE           	1F7C	0000	68
		_I2C1_NackSend 		CODE           	2258	0000	6
		_I2C1_ErrorEventHandler		CODE           	1EF0	0000	70
		_I2C1_EVENT_RESET		CODE           	2210	0000	10
		_I2C1_EVENT_ERROR		CODE           	221A	0000	10
		_I2C1_ErrorInterruptClear		CODE           	2270	0000	6
		_I2C1_StatusFlagsClear		CODE           	2264	0000	6
		_I2C1_InterruptClear		CODE           	226A	0000	6
		_I2C1_WriteStart		CODE           	2206	0000	10
		_I2C1_ReadStart		CODE           	222E	0000	10
		_I2C1_EVENT_RX 		CODE           	1D50	0000	116
		_I2C1_EVENT_TX 		CODE           	1DC4	0000	86
		_I2C1_ReceiveEnable		CODE           	228A	0000	4
		_I2C1_RestartEnable		CODE           	2282	0000	4
		_I2C1_EventHandler		CODE           	1B8E	0000	188
		_I2C1_DataReceive		CODE           	228E	0000	4
		_I2C1_IsData   		CODE           	2156	0000	20
		_I2C1_IsNack   		CODE           	2142	0000	20
		_I2C1_IsAddr   		CODE           	216A	0000	20
		_I2C1_IsBusy   		CODE           	2066	0000	40
		_I2C1_EVENT_IDLE		CODE           	2252	0000	6
		_I2C1_EVENT_NACK		CODE           	2224	0000	10
		_I2C1_ErrorGet 		CODE           	2238	0000	10
		_I2C1_EVENT_SEND_RD_ADDR		CODE           	21FA	0000	12
		_I2C1_EVENT_STOP		CODE           	21E2	0000	12
		_I2C1_BusReset 		CODE           	2276	0000	6
		_I2C1_Initialize		CODE           	2192	0000	20
		_I2C1_Close    		CODE           	208E	0000	34
		_I2C1_IsRxBufFull		CODE           	217E	0000	20
		_I2C1_Write    		CODE           	1EAA	0000	70
		_I2C1_StopSend 		CODE           	2292	0000	4
		_I2C1_RestartDisable		CODE           	2286	0000	4
		_I2C1_DataTransmit		CODE           	224A	0000	8
		_I2C1_AckSend  		CODE           	225E	0000	6
		_I2C1_StartSend		CODE           	2296	0000	4

mcc_generated_files/i2c_host/src/mssp1.c estimated size: 1006

C:\Program Files\Microchip\xc8\v2.50\pic\sources\c99\common\xxtofl.c
		___xxtofl      		CODE           	1910	0000	436

C:\Program Files\Microchip\xc8\v2.50\pic\sources\c99\common\xxtofl.c estimated size: 436

mcc_generated_files/system/src/pins.c
		_PIN_MANAGER_Initialize		CODE           	1C4A	0000	144

mcc_generated_files/system/src/pins.c estimated size: 144

C:\Program Files\Microchip\xc8\v2.50\pic\sources\c99\common\nf_fputc.c
		_fputc         		CODE           	1AC4	0000	202

C:\Program Files\Microchip\xc8\v2.50\pic\sources\c99\common\nf_fputc.c estimated size: 202

shared
		_osPin         		SMALLCONST     	1064	0000	1
		__initialization		CODE           	1E1A	0000	68
		_I2C1_Host     		SMALLCONST     	1065	0000	30
		_i2c1_eventTable		SMALLCONST     	1049	0000	27
		_UART1         		SMALLCONST     	1001	0000	72
		_thyst         		SMALLCONST     	0000	0000	0
		_tos           		SMALLCONST     	0000	0000	0

shared estimated size: 198

C:\Program Files\Microchip\xc8\v2.50\pic\sources\c99\common\doprnt.c
		_vfpfcnvrt     		CODE           	1CDA	0000	118
		_vfprintf      		CODE           	1E64	0000	70

C:\Program Files\Microchip\xc8\v2.50\pic\sources\c99\common\doprnt.c estimated size: 188

mcc_generated_files/system/src/clock.c
		_CLOCK_Initialize		CODE           	21A6	0000	18

mcc_generated_files/system/src/clock.c estimated size: 18

main.c
		_main          		CODE           	1726	0000	490
		_initLM75B     		CODE           	14E4	0000	578

main.c estimated size: 1068

mcc_generated_files/uart/src/eusart1.c
		_EUSART1_Initialize		CODE           	2000	0000	62
		_putch         		CODE           	20F4	0000	30
		_EUSART1_Write 		CODE           	2242	0000	8
		_EUSART1_FramingErrorCallbackRegister		CODE           	20D2	0000	34
		_EUSART1_IsTxReady		CODE           	203E	0000	40
		_EUSART1_OverrunErrorCallbackRegister		CODE           	20B0	0000	34

mcc_generated_files/uart/src/eusart1.c estimated size: 208

mcc_generated_files/system/src/system.c
		_SYSTEM_Initialize		CODE           	212C	0000	22

mcc_generated_files/system/src/system.c estimated size: 22

